<html>
<body>
<pre>
<h1>µVision Build Log</h1>
<h2>Tool Versions:</h2>
IDE-Version: ¦ÌVision V5.14.0.0
Copyright (C) 2015 ARM Ltd and ARM Germany GmbH. All rights reserved.
License Information: RIO Admin, RIO, LIC=QF8PC-7RNYD-EH28P-M9RBM-C6LJL-MBQCR
 
Tool Versions:
Toolchain:       MDK-ARM Standard  Version: 5.14.0.0
Toolchain Path:  C:\Keil_v5\ARM\ARMCC\Bin
C Compiler:      Armcc.exe V5.05 update 1 (build 106)
Assembler:       Armasm.exe V5.05 update 1 (build 106)
Linker/Locator:  ArmLink.exe V5.05 update 1 (build 106)
Library Manager: ArmAr.exe V5.05 update 1 (build 106)
Hex Converter:   FromElf.exe V5.05 update 1 (build 106)
CPU DLL:         SARMCM3.DLL V5.14.0.0
Dialog DLL:      DCM.DLL V1.13.1.0
Target DLL:      CMSIS_AGDI.dll V1.21.0.0
Dialog DLL:      TCM.DLL V1.14.4.0
 
<h2>Project:</h2>
C:\Users\Admin\Desktop\water_dispenser\water_dispenser\MDK-ARM\water_dispenser.uvprojx
Project File Date:  04/05/2025

<h2>Output:</h2>
Rebuild target 'water_dispenser'
assembling startup_stm32f103xb.s...
compiling main.c...
../bsp/lcd_1602.h(13): warning:  #1-D: last line of file ends without a newline
  #endif
../Core/Src/main.c: 1 warning, 0 errors
compiling gpio.c...
compiling adc.c...
compiling dma.c...
compiling tim.c...
compiling usart.c...
compiling stm32f1xx_it.c...
compiling stm32f1xx_hal_msp.c...
compiling stm32f1xx_hal_gpio_ex.c...
compiling stm32f1xx_hal_adc.c...
compiling stm32f1xx_hal_adc_ex.c...
compiling stm32f1xx_hal.c...
compiling stm32f1xx_hal_rcc.c...
compiling stm32f1xx_hal_rcc_ex.c...
compiling stm32f1xx_hal_gpio.c...
compiling stm32f1xx_hal_dma.c...
compiling stm32f1xx_hal_cortex.c...
compiling stm32f1xx_hal_pwr.c...
compiling stm32f1xx_hal_flash.c...
compiling stm32f1xx_hal_flash_ex.c...
compiling stm32f1xx_hal_exti.c...
compiling stm32f1xx_hal_tim.c...
compiling stm32f1xx_hal_tim_ex.c...
compiling stm32f1xx_hal_uart.c...
compiling system_stm32f1xx.c...
compiling lcd_1602.c...
..\bsp\lcd_1602.h(13): warning:  #1-D: last line of file ends without a newline
  #endif
..\bsp\lcd_1602.c: 1 warning, 0 errors
compiling ds18b20.c...
..\bsp\ds18b20.c(245): warning:  #1-D: last line of file ends without a newline
  }
..\bsp\ds18b20.c: 1 warning, 0 errors
compiling esp8266.c...
..\bsp\esp8266.h(29): warning:  #1-D: last line of file ends without a newline
  #endif
..\bsp\esp8266.c(37): warning:  #177-D: variable "wifi_rec" was declared but never referenced
        char *wifi_rec = "\r\n+IPD,";
..\bsp\esp8266.c(38): warning:  #177-D: variable "layon" was declared but never referenced
        char *layon = "\r\n+IPD,0,5:layon";
..\bsp\esp8266.c(39): warning:  #177-D: variable "timeset2" was declared but never referenced
        char *timeset2 = "\r\n+IPD,0,5:set02";
..\bsp\esp8266.c(40): warning:  #177-D: variable "timeset3" was declared but never referenced
        char *timeset3 = "\r\n+IPD,0,5:set03";
..\bsp\esp8266.c(41): warning:  #177-D: variable "timeset4" was declared but never referenced
        char *timeset4 = "\r\n+IPD,0,5:set04";
..\bsp\esp8266.c(42): warning:  #177-D: variable "timeset5" was declared but never referenced
        char *timeset5 = "\r\n+IPD,0,5:set05";
..\bsp\esp8266.c(43): warning:  #177-D: variable "timeset6" was declared but never referenced
        char *timeset6 = "\r\n+IPD,0,5:set06";
..\bsp\esp8266.c(44): warning:  #177-D: variable "timeset7" was declared but never referenced
        char *timeset7 = "\r\n+IPD,0,5:set07";
..\bsp\esp8266.c(45): warning:  #177-D: variable "timeset8" was declared but never referenced
        char *timeset8 = "\r\n+IPD,0,5:set08";
..\bsp\esp8266.c(46): warning:  #177-D: variable "timeset9" was declared but never referenced
        char *timeset9 = "\r\n+IPD,0,5:set09";
..\bsp\esp8266.c(47): warning:  #177-D: variable "timeset10" was declared but never referenced
        char *timeset10 = "\r\n+IPD,0,5:set10";
..\bsp\esp8266.c(83): warning:  #177-D: variable "send_data1" was declared but never referenced
                        char send_data1[50]={0};
..\bsp\esp8266.c(8): warning:  #177-D: function "handle_wifi_data" was declared but never referenced
  static  void handle_wifi_data(void);
..\bsp\esp8266.c: 14 warnings, 0 errors
linking...
Program Size: Code=15212 RO-data=524 RW-data=20 ZI-data=1892  
FromELF: creating hex file...
"water_dispenser\water_dispenser.axf" - 0 Error(s), 17 Warning(s).

<h2>Software Packages used:</h2>

Package Vendor: ARM
                http://www.keil.com/pack/ARM.CMSIS.4.2.0.pack
                ARM::CMSIS:CORE:3.40.0
                CMSIS (Cortex Microcontroller Software Interface Standard)
   * Component: CORE Version: 3.40.0

<h2>Collection of Component include folders:</h2>
  C:\Users\Admin\Desktop\water_dispenser\water_dispenser\MDK-ARM\RTE
  C:\Keil_v5\ARM\PACK\ARM\CMSIS\4.2.0\CMSIS\Include
  C:\Keil_v5\ARM\PACK\Keil\STM32F1xx_DFP\2.4.1

<h2>Collection of Component Files used:</h2>

   * Component: ARM::CMSIS:CORE:3.40.0
      Source file:   CMSIS\UserCodeTemplates\ARM\ITM_Retarget.c
</pre>
</body>
</html>
