Component: ARM Compiler 5.05 update 1 (build 106) Tool: armlink [4d0efa]

==============================================================================

Section Cross References

    startup_stm32f103xb.o(STACK) refers (Special) to heapauxi.o(.text) for __use_two_region_memory
    startup_stm32f103xb.o(HEAP) refers (Special) to heapauxi.o(.text) for __use_two_region_memory
    startup_stm32f103xb.o(RESET) refers (Special) to heapauxi.o(.text) for __use_two_region_memory
    startup_stm32f103xb.o(RESET) refers to startup_stm32f103xb.o(STACK) for __initial_sp
    startup_stm32f103xb.o(RESET) refers to startup_stm32f103xb.o(.text) for Reset_Handler
    startup_stm32f103xb.o(RESET) refers to stm32f1xx_it.o(i.NMI_Handler) for NMI_Handler
    startup_stm32f103xb.o(RESET) refers to stm32f1xx_it.o(i.HardFault_Handler) for HardFault_Handler
    startup_stm32f103xb.o(RESET) refers to stm32f1xx_it.o(i.MemManage_Handler) for MemManage_Handler
    startup_stm32f103xb.o(RESET) refers to stm32f1xx_it.o(i.BusFault_Handler) for BusFault_Handler
    startup_stm32f103xb.o(RESET) refers to stm32f1xx_it.o(i.UsageFault_Handler) for UsageFault_Handler
    startup_stm32f103xb.o(RESET) refers to stm32f1xx_it.o(i.SVC_Handler) for SVC_Handler
    startup_stm32f103xb.o(RESET) refers to stm32f1xx_it.o(i.DebugMon_Handler) for DebugMon_Handler
    startup_stm32f103xb.o(RESET) refers to stm32f1xx_it.o(i.PendSV_Handler) for PendSV_Handler
    startup_stm32f103xb.o(RESET) refers to stm32f1xx_it.o(i.SysTick_Handler) for SysTick_Handler
    startup_stm32f103xb.o(RESET) refers to stm32f1xx_it.o(i.DMA1_Channel5_IRQHandler) for DMA1_Channel5_IRQHandler
    startup_stm32f103xb.o(RESET) refers to stm32f1xx_it.o(i.USART1_IRQHandler) for USART1_IRQHandler
    startup_stm32f103xb.o(RESET) refers to stm32f1xx_it.o(i.EXTI15_10_IRQHandler) for EXTI15_10_IRQHandler
    startup_stm32f103xb.o(.text) refers (Special) to heapauxi.o(.text) for __use_two_region_memory
    startup_stm32f103xb.o(.text) refers to system_stm32f1xx.o(i.SystemInit) for SystemInit
    startup_stm32f103xb.o(.text) refers to __main.o(!!!main) for __main
    startup_stm32f103xb.o(.text) refers to startup_stm32f103xb.o(HEAP) for Heap_Mem
    startup_stm32f103xb.o(.text) refers to startup_stm32f103xb.o(STACK) for Stack_Mem
    main.o(i.SystemClock_Config) refers to rt_memclr_w.o(.text) for __aeabi_memclr4
    main.o(i.SystemClock_Config) refers to stm32f1xx_hal_rcc.o(i.HAL_RCC_OscConfig) for HAL_RCC_OscConfig
    main.o(i.SystemClock_Config) refers to stm32f1xx_hal_rcc.o(i.HAL_RCC_ClockConfig) for HAL_RCC_ClockConfig
    main.o(i.SystemClock_Config) refers to stm32f1xx_hal_rcc_ex.o(i.HAL_RCCEx_PeriphCLKConfig) for HAL_RCCEx_PeriphCLKConfig
    main.o(i.main) refers to _printf_percent.o(.ARM.Collect$$_printf_percent$$00000000) for _printf_percent
    main.o(i.main) refers to _printf_f.o(.ARM.Collect$$_printf_percent$$00000003) for _printf_f
    main.o(i.main) refers to printf1.o(x$fpl$printf1) for _printf_fp_dec
    main.o(i.main) refers to _printf_pad.o(.text) for _printf_pre_padding
    main.o(i.main) refers to _printf_d.o(.ARM.Collect$$_printf_percent$$00000009) for _printf_d
    main.o(i.main) refers to _printf_dec.o(.text) for _printf_int_dec
    main.o(i.main) refers to stm32f1xx_hal.o(i.HAL_Init) for HAL_Init
    main.o(i.main) refers to main.o(i.SystemClock_Config) for SystemClock_Config
    main.o(i.main) refers to gpio.o(i.MX_GPIO_Init) for MX_GPIO_Init
    main.o(i.main) refers to dma.o(i.MX_DMA_Init) for MX_DMA_Init
    main.o(i.main) refers to tim.o(i.MX_TIM4_Init) for MX_TIM4_Init
    main.o(i.main) refers to adc.o(i.MX_ADC1_Init) for MX_ADC1_Init
    main.o(i.main) refers to usart.o(i.MX_USART1_UART_Init) for MX_USART1_UART_Init
    main.o(i.main) refers to lcd_1602.o(i.LCD_INIT) for LCD_INIT
    main.o(i.main) refers to ds18b20.o(i.DS_Init) for DS_Init
    main.o(i.main) refers to stm32f1xx_hal_tim.o(i.HAL_TIM_PWM_Start) for HAL_TIM_PWM_Start
    main.o(i.main) refers to gpio.o(i.firelay_control) for firelay_control
    main.o(i.main) refers to gpio.o(i.water_control) for water_control
    main.o(i.main) refers to esp8266.o(i.start_esp8266) for start_esp8266
    main.o(i.main) refers to stm32f1xx_hal_adc.o(i.HAL_ADC_Start) for HAL_ADC_Start
    main.o(i.main) refers to stm32f1xx_hal_adc.o(i.HAL_ADC_PollForConversion) for HAL_ADC_PollForConversion
    main.o(i.main) refers to stm32f1xx_hal_adc.o(i.HAL_ADC_GetValue) for HAL_ADC_GetValue
    main.o(i.main) refers to dflt_clz.o(x$fpl$dfltu) for __aeabi_ui2d
    main.o(i.main) refers to dmul.o(x$fpl$dmul) for __aeabi_dmul
    main.o(i.main) refers to scalbn.o(x$fpl$scalbn) for __ARM_scalbn
    main.o(i.main) refers to d2f.o(x$fpl$d2f) for __aeabi_d2f
    main.o(i.main) refers to f2d.o(x$fpl$f2d) for __aeabi_f2d
    main.o(i.main) refers to noretval__2sprintf.o(.text) for __2sprintf
    main.o(i.main) refers to lcd_1602.o(i.lcd1602_show_string) for lcd1602_show_string
[...]
    .ARM.Collect$$libshutdown$$0000000F      0x08000186   Section        2  libshutdown2.o(.ARM.Collect$$libshutdown$$0000000F)
    .ARM.Collect$$rtentry$$00000000          0x08000188   Section        0  __rtentry.o(.ARM.Collect$$rtentry$$00000000)
    .ARM.Collect$$rtentry$$00000002          0x08000188   Section        0  __rtentry2.o(.ARM.Collect$$rtentry$$00000002)
    .ARM.Collect$$rtentry$$00000004          0x08000188   Section        6  __rtentry4.o(.ARM.Collect$$rtentry$$00000004)
    .ARM.Collect$$rtentry$$00000009          0x0800018e   Section        0  __rtentry2.o(.ARM.Collect$$rtentry$$00000009)
    .ARM.Collect$$rtentry$$0000000A          0x0800018e   Section        4  __rtentry2.o(.ARM.Collect$$rtentry$$0000000A)
    .ARM.Collect$$rtentry$$0000000C          0x08000192   Section        0  __rtentry2.o(.ARM.Collect$$rtentry$$0000000C)
    .ARM.Collect$$rtentry$$0000000D          0x08000192   Section        8  __rtentry2.o(.ARM.Collect$$rtentry$$0000000D)
    .ARM.Collect$$rtexit$$00000000           0x0800019a   Section        2  rtexit.o(.ARM.Collect$$rtexit$$00000000)
    .ARM.Collect$$rtexit$$00000002           0x0800019c   Section        0  rtexit2.o(.ARM.Collect$$rtexit$$00000002)
    .ARM.Collect$$rtexit$$00000003           0x0800019c   Section        4  rtexit2.o(.ARM.Collect$$rtexit$$00000003)
    .ARM.Collect$$rtexit$$00000004           0x080001a0   Section        6  rtexit2.o(.ARM.Collect$$rtexit$$00000004)
    .text                                    0x080001a8   Section       64  startup_stm32f103xb.o(.text)
    .text                                    0x080001e8   Section        0  noretval__2sprintf.o(.text)
    .text                                    0x08000210   Section        0  _printf_pad.o(.text)
    .text                                    0x08000260   Section        0  _printf_dec.o(.text)
    .text                                    0x080002d8   Section        0  __printf_flags_wp.o(.text)
    .text                                    0x08000410   Section        0  memcmp.o(.text)
    .text                                    0x08000468   Section       68  rt_memclr.o(.text)
    .text                                    0x080004ac   Section       78  rt_memclr_w.o(.text)
    .text                                    0x080004fa   Section        0  heapauxi.o(.text)
    .text                                    0x08000500   Section        0  _printf_intcommon.o(.text)
    .text                                    0x080005b2   Section        0  _printf_fp_dec.o(.text)
    _fp_digits                               0x080005b5   Thumb Code   428  _printf_fp_dec.o(.text)
    .text                                    0x080009cc   Section        0  _printf_char_common.o(.text)
    _printf_input_char                       0x080009cd   Thumb Code    10  _printf_char_common.o(.text)
    .text                                    0x080009fc   Section        0  _sputc.o(.text)
    .text                                    0x08000a08   Section        8  rt_locale_intlibspace.o(.text)
    .text                                    0x08000a10   Section      138  lludiv10.o(.text)
    .text                                    0x08000a9c   Section        0  _printf_fp_infnan.o(.text)
    .text                                    0x08000b1c   Section        0  bigflt0.o(.text)
    .text                                    0x08000bf8   Section        8  libspace.o(.text)
    .text                                    0x08000c00   Section       74  sys_stackheap_outer.o(.text)
    .text                                    0x08000c4a   Section        0  exit.o(.text)
    .text                                    0x08000c58   Section      128  strcmpv7m.o(.text)
    .text                                    0x08000cd8   Section        0  sys_exit.o(.text)
    .text                                    0x08000ce4   Section        2  use_no_semi.o(.text)
    .text                                    0x08000ce6   Section        0  indicate_semi.o(.text)
    CL$$btod_d2e                             0x08000ce6   Section       62  btod.o(CL$$btod_d2e)
    CL$$btod_d2e_denorm_low                  0x08000d24   Section       70  btod.o(CL$$btod_d2e_denorm_low)
    CL$$btod_d2e_norm_op1                    0x08000d6a   Section       96  btod.o(CL$$btod_d2e_norm_op1)
    CL$$btod_div_common                      0x08000dca   Section      824  btod.o(CL$$btod_div_common)
    CL$$btod_e2e                             0x08001102   Section      198  btod.o(CL$$btod_e2e)
    CL$$btod_ediv                            0x080011c8   Section       40  btod.o(CL$$btod_ediv)
    CL$$btod_emul                            0x080011f0   Section       40  btod.o(CL$$btod_emul)
    CL$$btod_mult_common                     0x08001218   Section      580  btod.o(CL$$btod_mult_common)
    i.ADC_ConversionStop_Disable             0x0800145c   Section        0  stm32f1xx_hal_adc.o(i.ADC_ConversionStop_Disable)
    i.ADC_Enable                             0x080014b4   Section        0  stm32f1xx_hal_adc.o(i.ADC_Enable)
    i.BusFault_Handler                       0x08001530   Section        0  stm32f1xx_it.o(i.BusFault_Handler)
    i.Check_DS                               0x08001534   Section        0  ds18b20.o(i.Check_DS)
    i.DMA1_Channel5_IRQHandler               0x0800158c   Section        0  stm32f1xx_it.o(i.DMA1_Channel5_IRQHandler)
    i.DMA_SetConfig                          0x08001598   Section        0  stm32f1xx_hal_dma.o(i.DMA_SetConfig)
    DMA_SetConfig                            0x08001599   Thumb Code    42  stm32f1xx_hal_dma.o(i.DMA_SetConfig)
    i.DS_Init                                0x080015c2   Section        0  ds18b20.o(i.DS_Init)
    i.DS_Read_Byte                           0x080015d0   Section        0  ds18b20.o(i.DS_Read_Byte)
    DS_Read_Byte                             0x080015d1   Thumb Code    80  ds18b20.o(i.DS_Read_Byte)
    i.DS_Reset                               0x08001624   Section        0  ds18b20.o(i.DS_Reset)
    i.DS_Write_Byte                          0x08001658   Section        0  ds18b20.o(i.DS_Write_Byte)
    DS_Write_Byte                            0x08001659   Thumb Code    86  ds18b20.o(i.DS_Write_Byte)
    i.DebugMon_Handler                       0x080016b4   Section        0  stm32f1xx_it.o(i.DebugMon_Handler)
    i.EXTI15_10_IRQHandler                   0x080016b6   Section        0  stm32f1xx_it.o(i.EXTI15_10_IRQHandler)
    i.Error_Handler                          0x080016dc   Section        0  main.o(i.Error_Handler)
    i.Get_DS_Temperature                     0x080016e0   Section        0  ds18b20.o(i.Get_DS_Temperature)
    i.HAL_ADC_ConfigChannel                  0x08001740   Section        0  stm32f1xx_hal_adc.o(i.HAL_ADC_ConfigChannel)
    i.HAL_ADC_GetValue                       0x0800183c   Section        0  stm32f1xx_hal_adc.o(i.HAL_ADC_GetValue)
    i.HAL_ADC_Init                           0x08001844   Section        0  stm32f1xx_hal_adc.o(i.HAL_ADC_Init)
    i.HAL_ADC_MspInit                        0x08001960   Section        0  adc.o(i.HAL_ADC_MspInit)
    i.HAL_ADC_PollForConversion              0x080019b8   Section        0  stm32f1xx_hal_adc.o(i.HAL_ADC_PollForConversion)
    i.HAL_ADC_Start                          0x08001af4   Section        0  stm32f1xx_hal_adc.o(i.HAL_ADC_Start)
    i.HAL_DMA_Abort                          0x08001bb4   Section        0  stm32f1xx_hal_dma.o(i.HAL_DMA_Abort)
    i.HAL_DMA_Abort_IT                       0x08001bfc   Section        0  stm32f1xx_hal_dma.o(i.HAL_DMA_Abort_IT)
    i.HAL_DMA_IRQHandler                     0x08001c94   Section        0  stm32f1xx_hal_dma.o(i.HAL_DMA_IRQHandler)
    i.HAL_DMA_Init                           0x08001de8   Section        0  stm32f1xx_hal_dma.o(i.HAL_DMA_Init)
    i.HAL_DMA_Start_IT                       0x08001e44   Section        0  stm32f1xx_hal_dma.o(i.HAL_DMA_Start_IT)
    i.HAL_Delay                              0x08001eb4   Section        0  stm32f1xx_hal.o(i.HAL_Delay)
    i.HAL_GPIO_EXTI_Callback                 0x08001ed8   Section        0  gpio.o(i.HAL_GPIO_EXTI_Callback)
    i.HAL_GPIO_EXTI_IRQHandler               0x08001f08   Section        0  stm32f1xx_hal_gpio.o(i.HAL_GPIO_EXTI_IRQHandler)
    i.HAL_GPIO_Init                          0x08001f20   Section        0  stm32f1xx_hal_gpio.o(i.HAL_GPIO_Init)
    i.HAL_GPIO_ReadPin                       0x08002100   Section        0  stm32f1xx_hal_gpio.o(i.HAL_GPIO_ReadPin)
    i.HAL_GPIO_WritePin                      0x0800210a   Section        0  stm32f1xx_hal_gpio.o(i.HAL_GPIO_WritePin)
    i.HAL_GetTick                            0x08002114   Section        0  stm32f1xx_hal.o(i.HAL_GetTick)
    i.HAL_IncTick                            0x08002120   Section        0  stm32f1xx_hal.o(i.HAL_IncTick)
    i.HAL_Init                               0x08002130   Section        0  stm32f1xx_hal.o(i.HAL_Init)
    i.HAL_InitTick                           0x08002154   Section        0  stm32f1xx_hal.o(i.HAL_InitTick)
    i.HAL_MspInit                            0x08002194   Section        0  stm32f1xx_hal_msp.o(i.HAL_MspInit)
    i.HAL_NVIC_EnableIRQ                     0x080021d0   Section        0  stm32f1xx_hal_cortex.o(i.HAL_NVIC_EnableIRQ)
    i.HAL_NVIC_SetPriority                   0x080021ec   Section        0  stm32f1xx_hal_cortex.o(i.HAL_NVIC_SetPriority)
    i.HAL_NVIC_SetPriorityGrouping           0x0800222c   Section        0  stm32f1xx_hal_cortex.o(i.HAL_NVIC_SetPriorityGrouping)
    i.HAL_RCCEx_GetPeriphCLKFreq             0x08002250   Section        0  stm32f1xx_hal_rcc_ex.o(i.HAL_RCCEx_GetPeriphCLKFreq)
    i.HAL_RCCEx_PeriphCLKConfig              0x080022f4   Section        0  stm32f1xx_hal_rcc_ex.o(i.HAL_RCCEx_PeriphCLKConfig)
    i.HAL_RCC_ClockConfig                    0x080023e0   Section        0  stm32f1xx_hal_rcc.o(i.HAL_RCC_ClockConfig)
    i.HAL_RCC_GetPCLK1Freq                   0x0800250c   Section        0  stm32f1xx_hal_rcc.o(i.HAL_RCC_GetPCLK1Freq)
    i.HAL_RCC_GetPCLK2Freq                   0x0800252c   Section        0  stm32f1xx_hal_rcc.o(i.HAL_RCC_GetPCLK2Freq)
    i.HAL_RCC_GetSysClockFreq                0x0800254c   Section        0  stm32f1xx_hal_rcc.o(i.HAL_RCC_GetSysClockFreq)
    i.HAL_RCC_OscConfig                      0x08002598   Section        0  stm32f1xx_hal_rcc.o(i.HAL_RCC_OscConfig)
    i.HAL_SYSTICK_Config                     0x080028b8   Section        0  stm32f1xx_hal_cortex.o(i.HAL_SYSTICK_Config)
    i.HAL_TIMEx_MasterConfigSynchronization  0x080028e0   Section        0  stm32f1xx_hal_tim_ex.o(i.HAL_TIMEx_MasterConfigSynchronization)
    i.HAL_TIM_Base_Init                      0x08002948   Section        0  stm32f1xx_hal_tim.o(i.HAL_TIM_Base_Init)
    i.HAL_TIM_Base_MspInit                   0x080029a4   Section        0  tim.o(i.HAL_TIM_Base_MspInit)
    i.HAL_TIM_ConfigClockSource              0x080029cc   Section        0  stm32f1xx_hal_tim.o(i.HAL_TIM_ConfigClockSource)
    i.HAL_TIM_MspPostInit                    0x08002aa8   Section        0  tim.o(i.HAL_TIM_MspPostInit)
    i.HAL_TIM_PWM_ConfigChannel              0x08002af4   Section        0  stm32f1xx_hal_tim.o(i.HAL_TIM_PWM_ConfigChannel)
    i.HAL_TIM_PWM_Init                       0x08002bc0   Section        0  stm32f1xx_hal_tim.o(i.HAL_TIM_PWM_Init)
    i.HAL_TIM_PWM_MspInit                    0x08002c1a   Section        0  stm32f1xx_hal_tim.o(i.HAL_TIM_PWM_MspInit)
    i.HAL_TIM_PWM_Start                      0x08002c1c   Section        0  stm32f1xx_hal_tim.o(i.HAL_TIM_PWM_Start)
    i.HAL_UARTEx_RxEventCallback             0x08002cb8   Section        0  stm32f1xx_hal_uart.o(i.HAL_UARTEx_RxEventCallback)
    i.HAL_UART_DMAStop                       0x08002cba   Section        0  stm32f1xx_hal_uart.o(i.HAL_UART_DMAStop)
    i.HAL_UART_ErrorCallback                 0x08002d2a   Section        0  stm32f1xx_hal_uart.o(i.HAL_UART_ErrorCallback)
    i.HAL_UART_IRQHandler                    0x08002d2c   Section        0  stm32f1xx_hal_uart.o(i.HAL_UART_IRQHandler)
    i.HAL_UART_Init                          0x08002f98   Section        0  stm32f1xx_hal_uart.o(i.HAL_UART_Init)
    i.HAL_UART_MspInit                       0x08002ffc   Section        0  usart.o(i.HAL_UART_MspInit)
    i.HAL_UART_Receive_DMA                   0x080030ac   Section        0  stm32f1xx_hal_uart.o(i.HAL_UART_Receive_DMA)
    i.HAL_UART_RxCpltCallback                0x080030c8   Section        0  stm32f1xx_hal_uart.o(i.HAL_UART_RxCpltCallback)
    i.HAL_UART_RxHalfCpltCallback            0x080030ca   Section        0  stm32f1xx_hal_uart.o(i.HAL_UART_RxHalfCpltCallback)
    i.HAL_UART_Transmit                      0x080030cc   Section        0  stm32f1xx_hal_uart.o(i.HAL_UART_Transmit)
    i.HAL_UART_TxCpltCallback                0x0800316c   Section        0  stm32f1xx_hal_uart.o(i.HAL_UART_TxCpltCallback)
    i.HardFault_Handler                      0x0800316e   Section        0  stm32f1xx_it.o(i.HardFault_Handler)
    i.LCD_INIT                               0x08003170   Section        0  lcd_1602.o(i.LCD_INIT)
    i.LCD_WRITE_CMD                          0x08003190   Section        0  lcd_1602.o(i.LCD_WRITE_CMD)
    i.LCD_WRITE_DATA                         0x080031fc   Section        0  lcd_1602.o(i.LCD_WRITE_DATA)
    i.MX_ADC1_Init                           0x08003264   Section        0  adc.o(i.MX_ADC1_Init)
    i.MX_DMA_Init                            0x080032b4   Section        0  dma.o(i.MX_DMA_Init)
    i.MX_GPIO_Init                           0x080032e0   Section        0  gpio.o(i.MX_GPIO_Init)
    i.MX_TIM4_Init                           0x080033e4   Section        0  tim.o(i.MX_TIM4_Init)
    i.MX_USART1_UART_Init                    0x08003480   Section        0  usart.o(i.MX_USART1_UART_Init)
    i.MemManage_Handler                      0x080034b8   Section        0  stm32f1xx_it.o(i.MemManage_Handler)
    i.NMI_Handler                            0x080034ba   Section        0  stm32f1xx_it.o(i.NMI_Handler)
    i.PendSV_Handler                         0x080034bc   Section        0  stm32f1xx_it.o(i.PendSV_Handler)
    i.SVC_Handler                            0x080034be   Section        0  stm32f1xx_it.o(i.SVC_Handler)
    i.Set_DS_Pin_In                          0x080034c0   Section        0  ds18b20.o(i.Set_DS_Pin_In)
    Set_DS_Pin_In                            0x080034c1   Thumb Code    48  ds18b20.o(i.Set_DS_Pin_In)
    i.Set_DS_Pin_Out                         0x080034f8   Section        0  ds18b20.o(i.Set_DS_Pin_Out)
    Set_DS_Pin_Out                           0x080034f9   Thumb Code    46  ds18b20.o(i.Set_DS_Pin_Out)
    i.SysTick_Handler                        0x08003530   Section        0  stm32f1xx_it.o(i.SysTick_Handler)
    i.SystemClock_Config                     0x08003534   Section        0  main.o(i.SystemClock_Config)
    i.SystemInit                             0x080035ac   Section        0  system_stm32f1xx.o(i.SystemInit)
    i.TIM_Base_SetConfig                     0x080035b0   Section        0  stm32f1xx_hal_tim.o(i.TIM_Base_SetConfig)
    i.TIM_CCxChannelCmd                      0x08003628   Section        0  stm32f1xx_hal_tim.o(i.TIM_CCxChannelCmd)
    i.TIM_ETR_SetConfig                      0x08003642   Section        0  stm32f1xx_hal_tim.o(i.TIM_ETR_SetConfig)
    i.TIM_ITRx_SetConfig                     0x08003656   Section        0  stm32f1xx_hal_tim.o(i.TIM_ITRx_SetConfig)
    TIM_ITRx_SetConfig                       0x08003657   Thumb Code    16  stm32f1xx_hal_tim.o(i.TIM_ITRx_SetConfig)
    i.TIM_OC1_SetConfig                      0x08003668   Section        0  stm32f1xx_hal_tim.o(i.TIM_OC1_SetConfig)
    TIM_OC1_SetConfig                        0x08003669   Thumb Code    74  stm32f1xx_hal_tim.o(i.TIM_OC1_SetConfig)
    i.TIM_OC2_SetConfig                      0x080036b8   Section        0  stm32f1xx_hal_tim.o(i.TIM_OC2_SetConfig)
    i.TIM_OC3_SetConfig                      0x08003710   Section        0  stm32f1xx_hal_tim.o(i.TIM_OC3_SetConfig)
    TIM_OC3_SetConfig                        0x08003711   Thumb Code    82  stm32f1xx_hal_tim.o(i.TIM_OC3_SetConfig)
    i.TIM_OC4_SetConfig                      0x08003768   Section        0  stm32f1xx_hal_tim.o(i.TIM_OC4_SetConfig)
    TIM_OC4_SetConfig                        0x08003769   Thumb Code    64  stm32f1xx_hal_tim.o(i.TIM_OC4_SetConfig)
    i.TIM_TI1_ConfigInputStage               0x080037ac   Section        0  stm32f1xx_hal_tim.o(i.TIM_TI1_ConfigInputStage)
    TIM_TI1_ConfigInputStage                 0x080037ad   Thumb Code    34  stm32f1xx_hal_tim.o(i.TIM_TI1_ConfigInputStage)
    i.TIM_TI2_ConfigInputStage               0x080037ce   Section        0  stm32f1xx_hal_tim.o(i.TIM_TI2_ConfigInputStage)
    TIM_TI2_ConfigInputStage                 0x080037cf   Thumb Code    36  stm32f1xx_hal_tim.o(i.TIM_TI2_ConfigInputStage)
    i.UART_DMAAbortOnError                   0x080037f2   Section        0  stm32f1xx_hal_uart.o(i.UART_DMAAbortOnError)
    UART_DMAAbortOnError                     0x080037f3   Thumb Code    16  stm32f1xx_hal_uart.o(i.UART_DMAAbortOnError)
    i.UART_DMAError                          0x08003802   Section        0  stm32f1xx_hal_uart.o(i.UART_DMAError)
    UART_DMAError                            0x08003803   Thumb Code    74  stm32f1xx_hal_uart.o(i.UART_DMAError)
    i.UART_DMAReceiveCplt                    0x0800384c   Section        0  stm32f1xx_hal_uart.o(i.UART_DMAReceiveCplt)
    UART_DMAReceiveCplt                      0x0800384d   Thumb Code   134  stm32f1xx_hal_uart.o(i.UART_DMAReceiveCplt)
    i.UART_DMARxHalfCplt                     0x080038d2   Section        0  stm32f1xx_hal_uart.o(i.UART_DMARxHalfCplt)
    UART_DMARxHalfCplt                       0x080038d3   Thumb Code    30  stm32f1xx_hal_uart.o(i.UART_DMARxHalfCplt)
    i.UART_EndRxTransfer                     0x080038f0   Section        0  stm32f1xx_hal_uart.o(i.UART_EndRxTransfer)
    UART_EndRxTransfer                       0x080038f1   Thumb Code    78  stm32f1xx_hal_uart.o(i.UART_EndRxTransfer)
    i.UART_EndTxTransfer                     0x0800393e   Section        0  stm32f1xx_hal_uart.o(i.UART_EndTxTransfer)
    UART_EndTxTransfer                       0x0800393f   Thumb Code    28  stm32f1xx_hal_uart.o(i.UART_EndTxTransfer)
    i.UART_Receive_IT                        0x0800395a   Section        0  stm32f1xx_hal_uart.o(i.UART_Receive_IT)
    UART_Receive_IT                          0x0800395b   Thumb Code   194  stm32f1xx_hal_uart.o(i.UART_Receive_IT)
    i.UART_SetConfig                         0x08003a1c   Section        0  stm32f1xx_hal_uart.o(i.UART_SetConfig)
    UART_SetConfig                           0x08003a1d   Thumb Code   178  stm32f1xx_hal_uart.o(i.UART_SetConfig)
    i.UART_Start_Receive_DMA                 0x08003ad4   Section        0  stm32f1xx_hal_uart.o(i.UART_Start_Receive_DMA)
    i.UART_WaitOnFlagUntilTimeout            0x08003b64   Section        0  stm32f1xx_hal_uart.o(i.UART_WaitOnFlagUntilTimeout)
    UART_WaitOnFlagUntilTimeout              0x08003b65   Thumb Code   114  stm32f1xx_hal_uart.o(i.UART_WaitOnFlagUntilTimeout)
    i.USART1_IRQHandler                      0x08003bd8   Section        0  stm32f1xx_it.o(i.USART1_IRQHandler)
    i.UsageFault_Handler                     0x08003c20   Section        0  stm32f1xx_it.o(i.UsageFault_Handler)
    i.__ARM_fpclassify                       0x08003c22   Section        0  fpclassify.o(i.__ARM_fpclassify)
    i.__NVIC_SetPriority                     0x08003c4a   Section        0  stm32f1xx_hal_cortex.o(i.__NVIC_SetPriority)
    __NVIC_SetPriority                       0x08003c4b   Thumb Code    32  stm32f1xx_hal_cortex.o(i.__NVIC_SetPriority)
    i._is_digit                              0x08003c6a   Section        0  __printf_wp.o(i._is_digit)
    i.beep_control                           0x08003c78   Section        0  gpio.o(i.beep_control)
    i.delay_us                               0x08003c88   Section        0  ds18b20.o(i.delay_us)
    i.firelay_control                        0x08003cd4   Section        0  gpio.o(i.firelay_control)
    i.handle_esp8266                         0x08003ce8   Section        0  esp8266.o(i.handle_esp8266)
    i.lcd1602_show_string                    0x08003f24   Section        0  lcd_1602.o(i.lcd1602_show_string)
    i.main                                   0x08003f90   Section        0  main.o(i.main)
    i.send_wifi                              0x080041bc   Section        0  esp8266.o(i.send_wifi)
    i.start_esp8266                          0x0800423c   Section        0  esp8266.o(i.start_esp8266)
    i.water_control                          0x08004330   Section        0  gpio.o(i.water_control)
    locale$$code                             0x08004340   Section       44  lc_numeric_c.o(locale$$code)
    x$fpl$d2f                                0x0800436c   Section       98  d2f.o(x$fpl$d2f)
    x$fpl$dcheck1                            0x080043d0   Section       16  dcheck1.o(x$fpl$dcheck1)
    x$fpl$dflt                               0x080043e0   Section       46  dflt_clz.o(x$fpl$dflt)
    x$fpl$dfltu                              0x0800440e   Section       38  dflt_clz.o(x$fpl$dfltu)
    x$fpl$dmul                               0x08004434   Section      340  dmul.o(x$fpl$dmul)
    x$fpl$dnaninf                            0x08004588   Section      156  dnaninf.o(x$fpl$dnaninf)
    x$fpl$dretinf                            0x08004624   Section       12  dretinf.o(x$fpl$dretinf)
    x$fpl$f2d                                0x08004630   Section       86  f2d.o(x$fpl$f2d)
    x$fpl$fcmpinf                            0x08004686   Section       24  fcmpi.o(x$fpl$fcmpinf)
    x$fpl$fflt                               0x080046a0   Section       48  fflt_clz.o(x$fpl$fflt)
    x$fpl$fleqf                              0x080046d0   Section      104  fleqf.o(x$fpl$fleqf)
    x$fpl$fnaninf                            0x08004738   Section      140  fnaninf.o(x$fpl$fnaninf)
    x$fpl$fretinf                            0x080047c4   Section       10  fretinf.o(x$fpl$fretinf)
    x$fpl$frleqf                             0x080047ce   Section       98  frleqf.o(x$fpl$frleqf)
    x$fpl$printf1                            0x08004830   Section        4  printf1.o(x$fpl$printf1)
    x$fpl$retnan                             0x08004834   Section      100  retnan.o(x$fpl$retnan)
    x$fpl$scalbn                             0x08004898   Section       92  scalbn.o(x$fpl$scalbn)
    x$fpl$trapveneer                         0x080048f4   Section       48  trapv.o(x$fpl$trapveneer)
    .constdata                               0x08004924   Section       18  stm32f1xx_hal_rcc.o(.constdata)
    x$fpl$usenofp                            0x08004924   Section        0  usenofp.o(x$fpl$usenofp)
    aPredivFactorTable                       0x08004924   Data           2  stm32f1xx_hal_rcc.o(.constdata)
    aPLLMULFactorTable                       0x08004926   Data          16  stm32f1xx_hal_rcc.o(.constdata)
    .constdata                               0x08004936   Section       18  stm32f1xx_hal_rcc_ex.o(.constdata)
    aPredivFactorTable                       0x08004936   Data           2  stm32f1xx_hal_rcc_ex.o(.constdata)
    aPLLMULFactorTable                       0x08004938   Data          16  stm32f1xx_hal_rcc_ex.o(.constdata)
    .constdata                               0x08004948   Section       16  system_stm32f1xx.o(.constdata)
    .constdata                               0x08004958   Section        8  system_stm32f1xx.o(.constdata)
    .constdata                               0x08004960   Section       17  __printf_flags_wp.o(.constdata)
    maptable                                 0x08004960   Data          17  __printf_flags_wp.o(.constdata)
    .constdata                               0x08004974   Section      148  bigflt0.o(.constdata)
    tenpwrs_x                                0x08004974   Data          60  bigflt0.o(.constdata)
    tenpwrs_i                                0x080049b0   Data          64  bigflt0.o(.constdata)
    locale$$data                             0x08004a28   Section       28  lc_numeric_c.o(locale$$data)
    __lcnum_c_name                           0x08004a2c   Data           2  lc_numeric_c.o(locale$$data)
    __lcnum_c_start                          0x08004a34   Data           0  lc_numeric_c.o(locale$$data)
    __lcnum_c_point                          0x08004a40   Data           0  lc_numeric_c.o(locale$$data)
    __lcnum_c_thousands                      0x08004a42   Data           0  lc_numeric_c.o(locale$$data)
    __lcnum_c_grouping                       0x08004a43   Data           0  lc_numeric_c.o(locale$$data)
    __lcnum_c_end                            0x08004a44   Data           0  lc_numeric_c.o(locale$$data)
    .data                                    0x20000000   Section       12  main.o(.data)
    _count_data                              0x20000008   Data           4  main.o(.data)
    .data                                    0x2000000c   Section        1  gpio.o(.data)
    .data                                    0x2000000d   Section        1  usart.o(.data)
    .data                                    0x2000000e   Section        1  usart.o(.data)
    .data                                    0x20000010   Section       12  stm32f1xx_hal.o(.data)
    .data                                    0x2000001c   Section        4  system_stm32f1xx.o(.data)
    .data                                    0x20000020   Section        1  esp8266.o(.data)
    .bss                                     0x20000024   Section       48  adc.o(.bss)
    .bss                                     0x20000054   Section       72  tim.o(.bss)
    .bss                                     0x2000009c   Section     1000  usart.o(.bss)
    .bss                                     0x20000484   Section      140  usart.o(.bss)
    .bss                                     0x20000510   Section       96  libspace.o(.bss)
    HEAP                                     0x20000570   Section      512  startup_stm32f103xb.o(HEAP)
    Heap_Mem                                 0x20000570   Data         512  startup_stm32f103xb.o(HEAP)
    STACK                                    0x20000770   Section     1024  startup_stm32f103xb.o(STACK)
    Stack_Mem                                0x20000770   Data        1024  startup_stm32f103xb.o(STACK)
    __initial_sp                             0x20000b70   Data           0  startup_stm32f103xb.o(STACK)

    Global Symbols

    Symbol Name                              Value     Ov Type        Size  Object(Section)

    BuildAttributes$$THM_ISAv4$P$D$K$B$S$PE$A:L22UL41UL21$X:L11$S22US41US21$IEEE1$IW$USESV6$~STKCKD$USESV7$~SHL$OTIME$ROPI$IEEEJ$EBA8$UX$STANDARDLIB$REQ8$PRES8$EABIv2 0x00000000   Number         0  anon$$obj.o ABSOLUTE
    __ARM_use_no_argv                        0x00000000   Number         0  main.o ABSOLUTE
    _printf_flags                            0x00000000   Number         0  printf_stubs.o ABSOLUTE
    _printf_return_value                     0x00000000   Number         0  printf_stubs.o ABSOLUTE
    _printf_sizespec                         0x00000000   Number         0  printf_stubs.o ABSOLUTE
    _printf_widthprec                        0x00000000   Number         0  printf_stubs.o ABSOLUTE
    __ARM_exceptions_init                     - Undefined Weak Reference
    __alloca_initialize                       - Undefined Weak Reference
    __arm_preinit_                            - Undefined Weak Reference
    __cpp_initialize__aeabi_                  - Undefined Weak Reference
    __cxa_finalize                            - Undefined Weak Reference
    __sigvec_lookup                           - Undefined Weak Reference
    _atexit_init                              - Undefined Weak Reference
    _call_atexit_fns                          - Undefined Weak Reference
    _clock_init                               - Undefined Weak Reference
    _fp_trap_init                             - Undefined Weak Reference
    _fp_trap_shutdown                         - Undefined Weak Reference
    _get_lc_collate                           - Undefined Weak Reference
    _get_lc_ctype                             - Undefined Weak Reference
    _get_lc_monetary                          - Undefined Weak Reference
    _get_lc_time                              - Undefined Weak Reference
    _getenv_init                              - Undefined Weak Reference
    _handle_redirection                       - Undefined Weak Reference
    _init_alloc                               - Undefined Weak Reference
    _init_user_alloc                          - Undefined Weak Reference
    _initio                                   - Undefined Weak Reference
    _printf_truncate_signed                   - Undefined Weak Reference
    _printf_truncate_unsigned                 - Undefined Weak Reference
    _rand_init                                - Undefined Weak Reference
    _signal_finish                            - Undefined Weak Reference
    _signal_init                              - Undefined Weak Reference
    _terminate_alloc                          - Undefined Weak Reference
    _terminate_user_alloc                     - Undefined Weak Reference
    _terminateio                              - Undefined Weak Reference
    __Vectors_Size                           0x000000ec   Number         0  startup_stm32f103xb.o ABSOLUTE
    __Vectors                                0x08000000   Data           4  startup_stm32f103xb.o(RESET)
    __Vectors_End                            0x080000ec   Data           0  startup_stm32f103xb.o(RESET)
    __main                                   0x080000ed   Thumb Code     8  __main.o(!!!main)
    __scatterload                            0x080000f5   Thumb Code     0  __scatter.o(!!!scatter)
    __scatterload_rt2                        0x080000f5   Thumb Code    44  __scatter.o(!!!scatter)
    __scatterload_rt2_thumb_only             0x080000f5   Thumb Code     0  __scatter.o(!!!scatter)
    __scatterload_null                       0x08000103   Thumb Code     0  __scatter.o(!!!scatter)
    __scatterload_copy                       0x08000129   Thumb Code    26  __scatter_copy.o(!!handler_copy)
    __scatterload_zeroinit                   0x08000145   Thumb Code    28  __scatter_zi.o(!!handler_zi)
    _printf_f                                0x08000161   Thumb Code     0  _printf_f.o(.ARM.Collect$$_printf_percent$$00000003)
    _printf_percent                          0x08000161   Thumb Code     0  _printf_percent.o(.ARM.Collect$$_printf_percent$$00000000)
    _printf_d                                0x08000167   Thumb Code     0  _printf_d.o(.ARM.Collect$$_printf_percent$$00000009)
    _printf_percent_end                      0x0800016d   Thumb Code     0  _printf_percent_end.o(.ARM.Collect$$_printf_percent$$00000017)
    __rt_lib_init                            0x08000171   Thumb Code     0  libinit.o(.ARM.Collect$$libinit$$00000000)
    __rt_lib_init_fp_1                       0x08000173   Thumb Code     0  libinit2.o(.ARM.Collect$$libinit$$00000002)
    __rt_lib_init_heap_1                     0x08000173   Thumb Code     0  libinit2.o(.ARM.Collect$$libinit$$0000000A)
    __rt_lib_init_lc_common                  0x08000173   Thumb Code     0  libinit2.o(.ARM.Collect$$libinit$$0000000F)
    __rt_lib_init_preinit_1                  0x08000173   Thumb Code     0  libinit2.o(.ARM.Collect$$libinit$$00000004)
    __rt_lib_init_rand_1                     0x08000173   Thumb Code     0  libinit2.o(.ARM.Collect$$libinit$$0000000E)
    __rt_lib_init_user_alloc_1               0x08000173   Thumb Code     0  libinit2.o(.ARM.Collect$$libinit$$0000000C)
    __rt_lib_init_lc_collate_1               0x08000179   Thumb Code     0  libinit2.o(.ARM.Collect$$libinit$$00000011)
    __rt_lib_init_lc_ctype_1                 0x08000179   Thumb Code     0  libinit2.o(.ARM.Collect$$libinit$$00000013)
    __rt_lib_init_lc_monetary_1              0x08000179   Thumb Code     0  libinit2.o(.ARM.Collect$$libinit$$00000015)
    __rt_lib_init_lc_numeric_2               0x08000179   Thumb Code     0  libinit2.o(.ARM.Collect$$libinit$$00000016)
    __rt_lib_init_alloca_1                   0x08000183   Thumb Code     0  libinit2.o(.ARM.Collect$$libinit$$0000002E)
    __rt_lib_init_argv_1                     0x08000183   Thumb Code     0  libinit2.o(.ARM.Collect$$libinit$$0000002C)
    __rt_lib_init_atexit_1                   0x08000183   Thumb Code     0  libinit2.o(.ARM.Collect$$libinit$$0000001B)
    __rt_lib_init_clock_1                    0x08000183   Thumb Code     0  libinit2.o(.ARM.Collect$$libinit$$00000021)
    __rt_lib_init_cpp_1                      0x08000183   Thumb Code     0  libinit2.o(.ARM.Collect$$libinit$$00000032)
    __rt_lib_init_exceptions_1               0x08000183   Thumb Code     0  libinit2.o(.ARM.Collect$$libinit$$00000030)
    __rt_lib_init_fp_trap_1                  0x08000183   Thumb Code     0  libinit2.o(.ARM.Collect$$libinit$$0000001F)
    __rt_lib_init_getenv_1                   0x08000183   Thumb Code     0  libinit2.o(.ARM.Collect$$libinit$$00000023)
    __rt_lib_init_lc_numeric_1               0x08000183   Thumb Code     0  libinit2.o(.ARM.Collect$$libinit$$00000017)
    __rt_lib_init_lc_time_1                  0x08000183   Thumb Code     0  libinit2.o(.ARM.Collect$$libinit$$00000019)
    __rt_lib_init_return                     0x08000183   Thumb Code     0  libinit2.o(.ARM.Collect$$libinit$$00000033)
    __rt_lib_init_signal_1                   0x08000183   Thumb Code     0  libinit2.o(.ARM.Collect$$libinit$$0000001D)
    __rt_lib_init_stdio_1                    0x08000183   Thumb Code     0  libinit2.o(.ARM.Collect$$libinit$$00000025)
    __rt_lib_shutdown                        0x08000185   Thumb Code     0  libshutdown.o(.ARM.Collect$$libshutdown$$00000000)
    __rt_lib_shutdown_fp_trap_1              0x08000187   Thumb Code     0  libshutdown2.o(.ARM.Collect$$libshutdown$$00000006)
    __rt_lib_shutdown_heap_1                 0x08000187   Thumb Code     0  libshutdown2.o(.ARM.Collect$$libshutdown$$0000000E)
    __rt_lib_shutdown_return                 0x08000187   Thumb Code     0  libshutdown2.o(.ARM.Collect$$libshutdown$$0000000F)
    __rt_lib_shutdown_signal_1               0x08000187   Thumb Code     0  libshutdown2.o(.ARM.Collect$$libshutdown$$00000009)
    __rt_lib_shutdown_stdio_1                0x08000187   Thumb Code     0  libshutdown2.o(.ARM.Collect$$libshutdown$$00000003)
    __rt_lib_shutdown_user_alloc_1           0x08000187   Thumb Code     0  libshutdown2.o(.ARM.Collect$$libshutdown$$0000000B)
    __rt_entry                               0x08000189   Thumb Code     0  __rtentry.o(.ARM.Collect$$rtentry$$00000000)
    __rt_entry_presh_1                       0x08000189   Thumb Code     0  __rtentry2.o(.ARM.Collect$$rtentry$$00000002)
    __rt_entry_sh                            0x08000189   Thumb Code     0  __rtentry4.o(.ARM.Collect$$rtentry$$00000004)
    __rt_entry_li                            0x0800018f   Thumb Code     0  __rtentry2.o(.ARM.Collect$$rtentry$$0000000A)
    __rt_entry_postsh_1                      0x0800018f   Thumb Code     0  __rtentry2.o(.ARM.Collect$$rtentry$$00000009)
    __rt_entry_main                          0x08000193   Thumb Code     0  __rtentry2.o(.ARM.Collect$$rtentry$$0000000D)
    __rt_entry_postli_1                      0x08000193   Thumb Code     0  __rtentry2.o(.ARM.Collect$$rtentry$$0000000C)
    __rt_exit                                0x0800019b   Thumb Code     0  rtexit.o(.ARM.Collect$$rtexit$$00000000)
    __rt_exit_ls                             0x0800019d   Thumb Code     0  rtexit2.o(.ARM.Collect$$rtexit$$00000003)
    __rt_exit_prels_1                        0x0800019d   Thumb Code     0  rtexit2.o(.ARM.Collect$$rtexit$$00000002)
    __rt_exit_exit                           0x080001a1   Thumb Code     0  rtexit2.o(.ARM.Collect$$rtexit$$00000004)
    Reset_Handler                            0x080001a9   Thumb Code     8  startup_stm32f103xb.o(.text)
    ADC1_2_IRQHandler                        0x080001c3   Thumb Code     0  startup_stm32f103xb.o(.text)
    CAN1_RX1_IRQHandler                      0x080001c3   Thumb Code     0  startup_stm32f103xb.o(.text)
    CAN1_SCE_IRQHandler                      0x080001c3   Thumb Code     0  startup_stm32f103xb.o(.text)
    DMA1_Channel1_IRQHandler                 0x080001c3   Thumb Code     0  startup_stm32f103xb.o(.text)
    DMA1_Channel2_IRQHandler                 0x080001c3   Thumb Code     0  startup_stm32f103xb.o(.text)
    DMA1_Channel3_IRQHandler                 0x080001c3   Thumb Code     0  startup_stm32f103xb.o(.text)
    DMA1_Channel4_IRQHandler                 0x080001c3   Thumb Code     0  startup_stm32f103xb.o(.text)
    DMA1_Channel6_IRQHandler                 0x080001c3   Thumb Code     0  startup_stm32f103xb.o(.text)
    DMA1_Channel7_IRQHandler                 0x080001c3   Thumb Code     0  startup_stm32f103xb.o(.text)
    EXTI0_IRQHandler                         0x080001c3   Thumb Code     0  startup_stm32f103xb.o(.text)
    EXTI1_IRQHandler                         0x080001c3   Thumb Code     0  startup_stm32f103xb.o(.text)
    EXTI2_IRQHandler                         0x080001c3   Thumb Code     0  startup_stm32f103xb.o(.text)
    EXTI3_IRQHandler                         0x080001c3   Thumb Code     0  startup_stm32f103xb.o(.text)
    EXTI4_IRQHandler                         0x080001c3   Thumb Code     0  startup_stm32f103xb.o(.text)
    EXTI9_5_IRQHandler                       0x080001c3   Thumb Code     0  startup_stm32f103xb.o(.text)
    FLASH_IRQHandler                         0x080001c3   Thumb Code     0  startup_stm32f103xb.o(.text)
    I2C1_ER_IRQHandler                       0x080001c3   Thumb Code     0  startup_stm32f103xb.o(.text)
    I2C1_EV_IRQHandler                       0x080001c3   Thumb Code     0  startup_stm32f103xb.o(.text)
    I2C2_ER_IRQHandler                       0x080001c3   Thumb Code     0  startup_stm32f103xb.o(.text)
    I2C2_EV_IRQHandler                       0x080001c3   Thumb Code     0  startup_stm32f103xb.o(.text)
    PVD_IRQHandler                           0x080001c3   Thumb Code     0  startup_stm32f103xb.o(.text)
    RCC_IRQHandler                           0x080001c3   Thumb Code     0  startup_stm32f103xb.o(.text)
    RTC_Alarm_IRQHandler                     0x080001c3   Thumb Code     0  startup_stm32f103xb.o(.text)
    RTC_IRQHandler                           0x080001c3   Thumb Code     0  startup_stm32f103xb.o(.text)
    SPI1_IRQHandler                          0x080001c3   Thumb Code     0  startup_stm32f103xb.o(.text)
    SPI2_IRQHandler                          0x080001c3   Thumb Code     0  startup_stm32f103xb.o(.text)
    TAMPER_IRQHandler                        0x080001c3   Thumb Code     0  startup_stm32f103xb.o(.text)
    TIM1_BRK_IRQHandler                      0x080001c3   Thumb Code     0  startup_stm32f103xb.o(.text)
    TIM1_CC_IRQHandler                       0x080001c3   Thumb Code     0  startup_stm32f103xb.o(.text)
    TIM1_TRG_COM_IRQHandler                  0x080001c3   Thumb Code     0  startup_stm32f103xb.o(.text)
    TIM1_UP_IRQHandler                       0x080001c3   Thumb Code     0  startup_stm32f103xb.o(.text)
    TIM2_IRQHandler                          0x080001c3   Thumb Code     0  startup_stm32f103xb.o(.text)
    TIM3_IRQHandler                          0x080001c3   Thumb Code     0  startup_stm32f103xb.o(.text)
    TIM4_IRQHandler                          0x080001c3   Thumb Code     0  startup_stm32f103xb.o(.text)
    USART2_IRQHandler                        0x080001c3   Thumb Code     0  startup_stm32f103xb.o(.text)
    USART3_IRQHandler                        0x080001c3   Thumb Code     0  startup_stm32f103xb.o(.text)
    USBWakeUp_IRQHandler                     0x080001c3   Thumb Code     0  startup_stm32f103xb.o(.text)
    USB_HP_CAN1_TX_IRQHandler                0x080001c3   Thumb Code     0  startup_stm32f103xb.o(.text)
    USB_LP_CAN1_RX0_IRQHandler               0x080001c3   Thumb Code     0  startup_stm32f103xb.o(.text)
    WWDG_IRQHandler                          0x080001c3   Thumb Code     0  startup_stm32f103xb.o(.text)
    __user_initial_stackheap                 0x080001c5   Thumb Code     0  startup_stm32f103xb.o(.text)
    __2sprintf                               0x080001e9   Thumb Code    34  noretval__2sprintf.o(.text)
    _printf_pre_padding                      0x08000211   Thumb Code    44  _printf_pad.o(.text)
    _printf_post_padding                     0x0800023d   Thumb Code    34  _printf_pad.o(.text)
    _printf_int_dec                          0x08000261   Thumb Code   104  _printf_dec.o(.text)
    __printf                                 0x080002d9   Thumb Code   308  __printf_flags_wp.o(.text)
    memcmp                                   0x08000411   Thumb Code    88  memcmp.o(.text)
    __aeabi_memclr                           0x08000469   Thumb Code     0  rt_memclr.o(.text)
    __rt_memclr                              0x08000469   Thumb Code    68  rt_memclr.o(.text)
    _memset                                  0x0800046d   Thumb Code     0  rt_memclr.o(.text)
    __aeabi_memclr4                          0x080004ad   Thumb Code     0  rt_memclr_w.o(.text)
    __aeabi_memclr8                          0x080004ad   Thumb Code     0  rt_memclr_w.o(.text)
    __rt_memclr_w                            0x080004ad   Thumb Code    78  rt_memclr_w.o(.text)
    _memset_w                                0x080004b1   Thumb Code     0  rt_memclr_w.o(.text)
    __use_two_region_memory                  0x080004fb   Thumb Code     2  heapauxi.o(.text)
    __rt_heap_escrow$2region                 0x080004fd   Thumb Code     2  heapauxi.o(.text)
    __rt_heap_expand$2region                 0x080004ff   Thumb Code     2  heapauxi.o(.text)
    _printf_int_common                       0x08000501   Thumb Code   178  _printf_intcommon.o(.text)
    __lib_sel_fp_printf                      0x080005b3   Thumb Code     2  _printf_fp_dec.o(.text)
    _printf_fp_dec_real                      0x08000761   Thumb Code   620  _printf_fp_dec.o(.text)
    _printf_char_common                      0x080009d7   Thumb Code    32  _printf_char_common.o(.text)
    _sputc                                   0x080009fd   Thumb Code    10  _sputc.o(.text)
    __rt_locale                              0x08000a09   Thumb Code     8  rt_locale_intlibspace.o(.text)
    _ll_udiv10                               0x08000a11   Thumb Code   138  lludiv10.o(.text)
    _printf_fp_infnan                        0x08000a9d   Thumb Code   112  _printf_fp_infnan.o(.text)
    _btod_etento                             0x08000b1d   Thumb Code   216  bigflt0.o(.text)
    __user_libspace                          0x08000bf9   Thumb Code     8  libspace.o(.text)
    __user_perproc_libspace                  0x08000bf9   Thumb Code     0  libspace.o(.text)
    __user_perthread_libspace                0x08000bf9   Thumb Code     0  libspace.o(.text)
    __user_setup_stackheap                   0x08000c01   Thumb Code    74  sys_stackheap_outer.o(.text)
    exit                                     0x08000c4b   Thumb Code    12  exit.o(.text)
    strcmp                                   0x08000c59   Thumb Code   128  strcmpv7m.o(.text)
    _sys_exit                                0x08000cd9   Thumb Code     8  sys_exit.o(.text)
    __I$use$semihosting                      0x08000ce5   Thumb Code     0  use_no_semi.o(.text)
    __use_no_semihosting_swi                 0x08000ce5   Thumb Code     2  use_no_semi.o(.text)
    __semihosting_library_function           0x08000ce7   Thumb Code     0  indicate_semi.o(.text)
    _btod_d2e                                0x08000ce7   Thumb Code    62  btod.o(CL$$btod_d2e)
    _d2e_denorm_low                          0x08000d25   Thumb Code    70  btod.o(CL$$btod_d2e_denorm_low)
    _d2e_norm_op1                            0x08000d6b   Thumb Code    96  btod.o(CL$$btod_d2e_norm_op1)
    __btod_div_common                        0x08000dcb   Thumb Code   696  btod.o(CL$$btod_div_common)
    _e2e                                     0x08001103   Thumb Code   198  btod.o(CL$$btod_e2e)
    _btod_ediv                               0x080011c9   Thumb Code    40  btod.o(CL$$btod_ediv)
    _btod_emul                               0x080011f1   Thumb Code    40  btod.o(CL$$btod_emul)
    __btod_mult_common                       0x08001219   Thumb Code   580  btod.o(CL$$btod_mult_common)
    ADC_ConversionStop_Disable               0x0800145d   Thumb Code    86  stm32f1xx_hal_adc.o(i.ADC_ConversionStop_Disable)
    ADC_Enable                               0x080014b5   Thumb Code   114  stm32f1xx_hal_adc.o(i.ADC_Enable)
    BusFault_Handler                         0x08001531   Thumb Code     2  stm32f1xx_it.o(i.BusFault_Handler)
    Check_DS                                 0x08001535   Thumb Code    84  ds18b20.o(i.Check_DS)
    DMA1_Channel5_IRQHandler                 0x0800158d   Thumb Code     6  stm32f1xx_it.o(i.DMA1_Channel5_IRQHandler)
    DS_Init                                  0x080015c3   Thumb Code    14  ds18b20.o(i.DS_Init)
    DS_Reset                                 0x08001625   Thumb Code    46  ds18b20.o(i.DS_Reset)
    DebugMon_Handler                         0x080016b5   Thumb Code     2  stm32f1xx_it.o(i.DebugMon_Handler)
    EXTI15_10_IRQHandler                     0x080016b7   Thumb Code    38  stm32f1xx_it.o(i.EXTI15_10_IRQHandler)
    Error_Handler                            0x080016dd   Thumb Code     4  main.o(i.Error_Handler)
    Get_DS_Temperature                       0x080016e1   Thumb Code    96  ds18b20.o(i.Get_DS_Temperature)
    HAL_ADC_ConfigChannel                    0x08001741   Thumb Code   240  stm32f1xx_hal_adc.o(i.HAL_ADC_ConfigChannel)
    HAL_ADC_GetValue                         0x0800183d   Thumb Code     6  stm32f1xx_hal_adc.o(i.HAL_ADC_GetValue)
    HAL_ADC_Init                             0x08001845   Thumb Code   272  stm32f1xx_hal_adc.o(i.HAL_ADC_Init)
    HAL_ADC_MspInit                          0x08001961   Thumb Code    76  adc.o(i.HAL_ADC_MspInit)
    HAL_ADC_PollForConversion                0x080019b9   Thumb Code   304  stm32f1xx_hal_adc.o(i.HAL_ADC_PollForConversion)
    HAL_ADC_Start                            0x08001af5   Thumb Code   184  stm32f1xx_hal_adc.o(i.HAL_ADC_Start)
    HAL_DMA_Abort                            0x08001bb5   Thumb Code    70  stm32f1xx_hal_dma.o(i.HAL_DMA_Abort)
    HAL_DMA_Abort_IT                         0x08001bfd   Thumb Code   148  stm32f1xx_hal_dma.o(i.HAL_DMA_Abort_IT)
    HAL_DMA_IRQHandler                       0x08001c95   Thumb Code   316  stm32f1xx_hal_dma.o(i.HAL_DMA_IRQHandler)
    HAL_DMA_Init                             0x08001de9   Thumb Code    84  stm32f1xx_hal_dma.o(i.HAL_DMA_Init)
    HAL_DMA_Start_IT                         0x08001e45   Thumb Code   112  stm32f1xx_hal_dma.o(i.HAL_DMA_Start_IT)
    HAL_Delay                                0x08001eb5   Thumb Code    32  stm32f1xx_hal.o(i.HAL_Delay)
    HAL_GPIO_EXTI_Callback                   0x08001ed9   Thumb Code    44  gpio.o(i.HAL_GPIO_EXTI_Callback)
    HAL_GPIO_EXTI_IRQHandler                 0x08001f09   Thumb Code    18  stm32f1xx_hal_gpio.o(i.HAL_GPIO_EXTI_IRQHandler)
    HAL_GPIO_Init                            0x08001f21   Thumb Code   446  stm32f1xx_hal_gpio.o(i.HAL_GPIO_Init)
    HAL_GPIO_ReadPin                         0x08002101   Thumb Code    10  stm32f1xx_hal_gpio.o(i.HAL_GPIO_ReadPin)
    HAL_GPIO_WritePin                        0x0800210b   Thumb Code    10  stm32f1xx_hal_gpio.o(i.HAL_GPIO_WritePin)
    HAL_GetTick                              0x08002115   Thumb Code     6  stm32f1xx_hal.o(i.HAL_GetTick)
    HAL_IncTick                              0x08002121   Thumb Code    12  stm32f1xx_hal.o(i.HAL_IncTick)
    HAL_Init                                 0x08002131   Thumb Code    32  stm32f1xx_hal.o(i.HAL_Init)
    HAL_InitTick                             0x08002155   Thumb Code    54  stm32f1xx_hal.o(i.HAL_InitTick)
    HAL_MspInit                              0x08002195   Thumb Code    52  stm32f1xx_hal_msp.o(i.HAL_MspInit)
    HAL_NVIC_EnableIRQ                       0x080021d1   Thumb Code    26  stm32f1xx_hal_cortex.o(i.HAL_NVIC_EnableIRQ)
    HAL_NVIC_SetPriority                     0x080021ed   Thumb Code    60  stm32f1xx_hal_cortex.o(i.HAL_NVIC_SetPriority)
    HAL_NVIC_SetPriorityGrouping             0x0800222d   Thumb Code    26  stm32f1xx_hal_cortex.o(i.HAL_NVIC_SetPriorityGrouping)
    HAL_RCCEx_GetPeriphCLKFreq               0x08002251   Thumb Code   148  stm32f1xx_hal_rcc_ex.o(i.HAL_RCCEx_GetPeriphCLKFreq)
    HAL_RCCEx_PeriphCLKConfig                0x080022f5   Thumb Code   224  stm32f1xx_hal_rcc_ex.o(i.HAL_RCCEx_PeriphCLKConfig)
    HAL_RCC_ClockConfig                      0x080023e1   Thumb Code   280  stm32f1xx_hal_rcc.o(i.HAL_RCC_ClockConfig)
    HAL_RCC_GetPCLK1Freq                     0x0800250d   Thumb Code    20  stm32f1xx_hal_rcc.o(i.HAL_RCC_GetPCLK1Freq)
    HAL_RCC_GetPCLK2Freq                     0x0800252d   Thumb Code    20  stm32f1xx_hal_rcc.o(i.HAL_RCC_GetPCLK2Freq)
    HAL_RCC_GetSysClockFreq                  0x0800254d   Thumb Code    58  stm32f1xx_hal_rcc.o(i.HAL_RCC_GetSysClockFreq)
    HAL_RCC_OscConfig                        0x08002599   Thumb Code   778  stm32f1xx_hal_rcc.o(i.HAL_RCC_OscConfig)
    HAL_SYSTICK_Config                       0x080028b9   Thumb Code    40  stm32f1xx_hal_cortex.o(i.HAL_SYSTICK_Config)
    HAL_TIMEx_MasterConfigSynchronization    0x080028e1   Thumb Code    92  stm32f1xx_hal_tim_ex.o(i.HAL_TIMEx_MasterConfigSynchronization)
    HAL_TIM_Base_Init                        0x08002949   Thumb Code    90  stm32f1xx_hal_tim.o(i.HAL_TIM_Base_Init)
    HAL_TIM_Base_MspInit                     0x080029a5   Thumb Code    30  tim.o(i.HAL_TIM_Base_MspInit)
    HAL_TIM_ConfigClockSource                0x080029cd   Thumb Code   220  stm32f1xx_hal_tim.o(i.HAL_TIM_ConfigClockSource)
    HAL_TIM_MspPostInit                      0x08002aa9   Thumb Code    64  tim.o(i.HAL_TIM_MspPostInit)
    HAL_TIM_PWM_ConfigChannel                0x08002af5   Thumb Code   204  stm32f1xx_hal_tim.o(i.HAL_TIM_PWM_ConfigChannel)
    HAL_TIM_PWM_Init                         0x08002bc1   Thumb Code    90  stm32f1xx_hal_tim.o(i.HAL_TIM_PWM_Init)
    HAL_TIM_PWM_MspInit                      0x08002c1b   Thumb Code     2  stm32f1xx_hal_tim.o(i.HAL_TIM_PWM_MspInit)
    HAL_TIM_PWM_Start                        0x08002c1d   Thumb Code   144  stm32f1xx_hal_tim.o(i.HAL_TIM_PWM_Start)
    HAL_UARTEx_RxEventCallback               0x08002cb9   Thumb Code     2  stm32f1xx_hal_uart.o(i.HAL_UARTEx_RxEventCallback)
    HAL_UART_DMAStop                         0x08002cbb   Thumb Code   112  stm32f1xx_hal_uart.o(i.HAL_UART_DMAStop)
    HAL_UART_ErrorCallback                   0x08002d2b   Thumb Code     2  stm32f1xx_hal_uart.o(i.HAL_UART_ErrorCallback)
    HAL_UART_IRQHandler                      0x08002d2d   Thumb Code   616  stm32f1xx_hal_uart.o(i.HAL_UART_IRQHandler)
    HAL_UART_Init                            0x08002f99   Thumb Code   100  stm32f1xx_hal_uart.o(i.HAL_UART_Init)
    HAL_UART_MspInit                         0x08002ffd   Thumb Code   154  usart.o(i.HAL_UART_MspInit)
    HAL_UART_Receive_DMA                     0x080030ad   Thumb Code    28  stm32f1xx_hal_uart.o(i.HAL_UART_Receive_DMA)
    HAL_UART_RxCpltCallback                  0x080030c9   Thumb Code     2  stm32f1xx_hal_uart.o(i.HAL_UART_RxCpltCallback)
    HAL_UART_RxHalfCpltCallback              0x080030cb   Thumb Code     2  stm32f1xx_hal_uart.o(i.HAL_UART_RxHalfCpltCallback)
    HAL_UART_Transmit                        0x080030cd   Thumb Code   160  stm32f1xx_hal_uart.o(i.HAL_UART_Transmit)
    HAL_UART_TxCpltCallback                  0x0800316d   Thumb Code     2  stm32f1xx_hal_uart.o(i.HAL_UART_TxCpltCallback)
    HardFault_Handler                        0x0800316f   Thumb Code     2  stm32f1xx_it.o(i.HardFault_Handler)
    LCD_INIT                                 0x08003171   Thumb Code    30  lcd_1602.o(i.LCD_INIT)
    LCD_WRITE_CMD                            0x08003191   Thumb Code    98  lcd_1602.o(i.LCD_WRITE_CMD)
    LCD_WRITE_DATA                           0x080031fd   Thumb Code    96  lcd_1602.o(i.LCD_WRITE_DATA)
    MX_ADC1_Init                             0x08003265   Thumb Code    70  adc.o(i.MX_ADC1_Init)
    MX_DMA_Init                              0x080032b5   Thumb Code    40  dma.o(i.MX_DMA_Init)
    MX_GPIO_Init                             0x080032e1   Thumb Code   240  gpio.o(i.MX_GPIO_Init)
    MX_TIM4_Init                             0x080033e5   Thumb Code   146  tim.o(i.MX_TIM4_Init)
    MX_USART1_UART_Init                      0x08003481   Thumb Code    48  usart.o(i.MX_USART1_UART_Init)
    MemManage_Handler                        0x080034b9   Thumb Code     2  stm32f1xx_it.o(i.MemManage_Handler)
    NMI_Handler                              0x080034bb   Thumb Code     2  stm32f1xx_it.o(i.NMI_Handler)
    PendSV_Handler                           0x080034bd   Thumb Code     2  stm32f1xx_it.o(i.PendSV_Handler)
    SVC_Handler                              0x080034bf   Thumb Code     2  stm32f1xx_it.o(i.SVC_Handler)
    SysTick_Handler                          0x08003531   Thumb Code     4  stm32f1xx_it.o(i.SysTick_Handler)
    SystemClock_Config                       0x08003535   Thumb Code   120  main.o(i.SystemClock_Config)
    SystemInit                               0x080035ad   Thumb Code     2  system_stm32f1xx.o(i.SystemInit)
    TIM_Base_SetConfig                       0x080035b1   Thumb Code   108  stm32f1xx_hal_tim.o(i.TIM_Base_SetConfig)
    TIM_CCxChannelCmd                        0x08003629   Thumb Code    26  stm32f1xx_hal_tim.o(i.TIM_CCxChannelCmd)
    TIM_ETR_SetConfig                        0x08003643   Thumb Code    20  stm32f1xx_hal_tim.o(i.TIM_ETR_SetConfig)
    TIM_OC2_SetConfig                        0x080036b9   Thumb Code    84  stm32f1xx_hal_tim.o(i.TIM_OC2_SetConfig)
    UART_Start_Receive_DMA                   0x08003ad5   Thumb Code   130  stm32f1xx_hal_uart.o(i.UART_Start_Receive_DMA)
    USART1_IRQHandler                        0x08003bd9   Thumb Code    56  stm32f1xx_it.o(i.USART1_IRQHandler)
    UsageFault_Handler                       0x08003c21   Thumb Code     2  stm32f1xx_it.o(i.UsageFault_Handler)
    __ARM_fpclassify                         0x08003c23   Thumb Code    40  fpclassify.o(i.__ARM_fpclassify)
    _is_digit                                0x08003c6b   Thumb Code    14  __printf_wp.o(i._is_digit)
    beep_control                             0x08003c79   Thumb Code    12  gpio.o(i.beep_control)
    delay_us                                 0x08003c89   Thumb Code    70  ds18b20.o(i.delay_us)
    firelay_control                          0x08003cd5   Thumb Code    14  gpio.o(i.firelay_control)
    handle_esp8266                           0x08003ce9   Thumb Code   312  esp8266.o(i.handle_esp8266)
    lcd1602_show_string                      0x08003f25   Thumb Code   108  lcd_1602.o(i.lcd1602_show_string)
    main                                     0x08003f91   Thumb Code   476  main.o(i.main)
    send_wifi                                0x080041bd   Thumb Code   100  esp8266.o(i.send_wifi)
    start_esp8266                            0x0800423d   Thumb Code   126  esp8266.o(i.start_esp8266)
    water_control                            0x08004331   Thumb Code    12  gpio.o(i.water_control)
    _get_lc_numeric                          0x08004341   Thumb Code    44  lc_numeric_c.o(locale$$code)
    __aeabi_d2f                              0x0800436d   Thumb Code     0  d2f.o(x$fpl$d2f)
    _d2f                                     0x0800436d   Thumb Code    98  d2f.o(x$fpl$d2f)
    __fpl_dcheck_NaN1                        0x080043d1   Thumb Code    10  dcheck1.o(x$fpl$dcheck1)
    __aeabi_i2d                              0x080043e1   Thumb Code     0  dflt_clz.o(x$fpl$dflt)
    _dflt                                    0x080043e1   Thumb Code    46  dflt_clz.o(x$fpl$dflt)
    __aeabi_ui2d                             0x0800440f   Thumb Code     0  dflt_clz.o(x$fpl$dfltu)
    _dfltu                                   0x0800440f   Thumb Code    38  dflt_clz.o(x$fpl$dfltu)
    __aeabi_dmul                             0x08004435   Thumb Code     0  dmul.o(x$fpl$dmul)
    _dmul                                    0x08004435   Thumb Code   332  dmul.o(x$fpl$dmul)
    __fpl_dnaninf                            0x08004589   Thumb Code   156  dnaninf.o(x$fpl$dnaninf)
    __fpl_dretinf                            0x08004625   Thumb Code    12  dretinf.o(x$fpl$dretinf)
    __aeabi_f2d                              0x08004631   Thumb Code     0  f2d.o(x$fpl$f2d)
    _f2d                                     0x08004631   Thumb Code    86  f2d.o(x$fpl$f2d)
    __fpl_fcmp_Inf                           0x08004687   Thumb Code    24  fcmpi.o(x$fpl$fcmpinf)
    __aeabi_i2f                              0x080046a1   Thumb Code     0  fflt_clz.o(x$fpl$fflt)
    _fflt                                    0x080046a1   Thumb Code    48  fflt_clz.o(x$fpl$fflt)
    __aeabi_cfcmple                          0x080046d1   Thumb Code     0  fleqf.o(x$fpl$fleqf)
    _fcmple                                  0x080046d1   Thumb Code   104  fleqf.o(x$fpl$fleqf)
    __fpl_fcmple_InfNaN                      0x08004723   Thumb Code     0  fleqf.o(x$fpl$fleqf)
    __fpl_fnaninf                            0x08004739   Thumb Code   140  fnaninf.o(x$fpl$fnaninf)
    __fpl_fretinf                            0x080047c5   Thumb Code    10  fretinf.o(x$fpl$fretinf)
    __aeabi_cfrcmple                         0x080047cf   Thumb Code     0  frleqf.o(x$fpl$frleqf)
    _frcmple                                 0x080047cf   Thumb Code    98  frleqf.o(x$fpl$frleqf)
    _printf_fp_dec                           0x08004831   Thumb Code     4  printf1.o(x$fpl$printf1)
    __fpl_return_NaN                         0x08004835   Thumb Code   100  retnan.o(x$fpl$retnan)
    __ARM_scalbn                             0x08004899   Thumb Code    92  scalbn.o(x$fpl$scalbn)
    __fpl_cmpreturn                          0x080048f5   Thumb Code    48  trapv.o(x$fpl$trapveneer)
    __I$use$fp                               0x08004924   Number         0  usenofp.o(x$fpl$usenofp)
    AHBPrescTable                            0x08004948   Data          16  system_stm32f1xx.o(.constdata)
    APBPrescTable                            0x08004958   Data           8  system_stm32f1xx.o(.constdata)
    Region$$Table$$Base                      0x08004a08   Number         0  anon$$obj.o(Region$$Table)
    Region$$Table$$Limit                     0x08004a28   Number         0  anon$$obj.o(Region$$Table)
    temp_ban                                 0x20000000   Data           4  main.o(.data)
    water_ban                                0x20000004   Data           4  main.o(.data)
    botton                                   0x2000000c   Data           1  gpio.o(.data)
    rx1_count                                0x2000000d   Data           1  usart.o(.data)
    rx1_end_flag                             0x2000000e   Data           1  usart.o(.data)
    uwTickFreq                               0x20000010   Data           1  stm32f1xx_hal.o(.data)
    uwTickPrio                               0x20000014   Data           4  stm32f1xx_hal.o(.data)
    uwTick                                   0x20000018   Data           4  stm32f1xx_hal.o(.data)
    SystemCoreClock                          0x2000001c   Data           4  system_stm32f1xx.o(.data)
    device_connect                           0x20000020   Data           1  esp8266.o(.data)
    hadc1                                    0x20000024   Data          48  adc.o(.bss)
    htim4                                    0x20000054   Data          72  tim.o(.bss)
    uart1_rx                                 0x2000009c   Data        1000  usart.o(.bss)
    huart1                                   0x20000484   Data          72  usart.o(.bss)
    hdma_usart1_rx                           0x200004cc   Data          68  usart.o(.bss)
    __libspace_start                         0x20000510   Data          96  libspace.o(.bss)
    __temporary_stack_top$libspace           0x20000570   Data           0  libspace.o(.bss)



==============================================================================

Memory Map of the image

  Image Entry point : 0x080000ed

  Load Region LR_IROM1 (Base: 0x08000000, Size: 0x00004a68, Max: 0x00010000, ABSOLUTE)

    Execution Region ER_IROM1 (Base: 0x08000000, Size: 0x00004a44, Max: 0x00010000, ABSOLUTE)

    Base Addr    Size         Type   Attr      Idx    E Section Name        Object

    0x08000000   0x000000ec   Data   RO            3    RESET               startup_stm32f103xb.o
    0x080000ec   0x00000008   Code   RO         3407  * !!!main             c_w.l(__main.o)
    0x080000f4   0x00000034   Code   RO         3660    !!!scatter          c_w.l(__scatter.o)
    0x08000128   0x0000001a   Code   RO         3662    !!handler_copy      c_w.l(__scatter_copy.o)
    0x08000142   0x00000002   PAD
    0x08000144   0x0000001c   Code   RO         3664    !!handler_zi        c_w.l(__scatter_zi.o)
    0x08000160   0x00000000   Code   RO         3398    .ARM.Collect$$_printf_percent$$00000000  c_w.l(_printf_percent.o)
    0x08000160   0x00000006   Code   RO         3397    .ARM.Collect$$_printf_percent$$00000003  c_w.l(_printf_f.o)
    0x08000166   0x00000006   Code   RO         3396    .ARM.Collect$$_printf_percent$$00000009  c_w.l(_printf_d.o)
    0x0800016c   0x00000004   Code   RO         3444    .ARM.Collect$$_printf_percent$$00000017  c_w.l(_printf_percent_end.o)
    0x08000170   0x00000002   Code   RO         3532    .ARM.Collect$$libinit$$00000000  c_w.l(libinit.o)
    0x08000172   0x00000000   Code   RO         3534    .ARM.Collect$$libinit$$00000002  c_w.l(libinit2.o)
    0x08000172   0x00000000   Code   RO         3536    .ARM.Collect$$libinit$$00000004  c_w.l(libinit2.o)
    0x08000172   0x00000000   Code   RO         3539    .ARM.Collect$$libinit$$0000000A  c_w.l(libinit2.o)
    0x08000172   0x00000000   Code   RO         3541    .ARM.Collect$$libinit$$0000000C  c_w.l(libinit2.o)
    0x08000172   0x00000000   Code   RO         3543    .ARM.Collect$$libinit$$0000000E  c_w.l(libinit2.o)
    0x08000172   0x00000006   Code   RO         3544    .ARM.Collect$$libinit$$0000000F  c_w.l(libinit2.o)
    0x08000178   0x00000000   Code   RO         3546    .ARM.Collect$$libinit$$00000011  c_w.l(libinit2.o)
    0x08000178   0x00000000   Code   RO         3548    .ARM.Collect$$libinit$$00000013  c_w.l(libinit2.o)
    0x08000178   0x00000000   Code   RO         3550    .ARM.Collect$$libinit$$00000015  c_w.l(libinit2.o)
    0x08000178   0x0000000a   Code   RO         3551    .ARM.Collect$$libinit$$00000016  c_w.l(libinit2.o)
    0x08000182   0x00000000   Code   RO         3552    .ARM.Collect$$libinit$$00000017  c_w.l(libinit2.o)
    0x08000182   0x00000000   Code   RO         3554    .ARM.Collect$$libinit$$00000019  c_w.l(libinit2.o)
    0x08000182   0x00000000   Code   RO         3556    .ARM.Collect$$libinit$$0000001B  c_w.l(libinit2.o)
    0x08000182   0x00000000   Code   RO         3558    .ARM.Collect$$libinit$$0000001D  c_w.l(libinit2.o)
    0x08000182   0x00000000   Code   RO         3560    .ARM.Collect$$libinit$$0000001F  c_w.l(libinit2.o)
    0x08000182   0x00000000   Code   RO         3562    .ARM.Collect$$libinit$$00000021  c_w.l(libinit2.o)
    0x08000182   0x00000000   Code   RO         3564    .ARM.Collect$$libinit$$00000023  c_w.l(libinit2.o)
    0x08000182   0x00000000   Code   RO         3566    .ARM.Collect$$libinit$$00000025  c_w.l(libinit2.o)
    0x08000182   0x00000000   Code   RO         3570    .ARM.Collect$$libinit$$0000002C  c_w.l(libinit2.o)
    0x08000182   0x00000000   Code   RO         3572    .ARM.Collect$$libinit$$0000002E  c_w.l(libinit2.o)
    0x08000182   0x00000000   Code   RO         3574    .ARM.Collect$$libinit$$00000030  c_w.l(libinit2.o)
    0x08000182   0x00000000   Code   RO         3576    .ARM.Collect$$libinit$$00000032  c_w.l(libinit2.o)
    0x08000182   0x00000002   Code   RO         3577    .ARM.Collect$$libinit$$00000033  c_w.l(libinit2.o)
    0x08000184   0x00000002   Code   RO         3609    .ARM.Collect$$libshutdown$$00000000  c_w.l(libshutdown.o)
    0x08000186   0x00000000   Code   RO         3621    .ARM.Collect$$libshutdown$$00000003  c_w.l(libshutdown2.o)
    0x08000186   0x00000000   Code   RO         3624    .ARM.Collect$$libshutdown$$00000006  c_w.l(libshutdown2.o)
    0x08000186   0x00000000   Code   RO         3627    .ARM.Collect$$libshutdown$$00000009  c_w.l(libshutdown2.o)
    0x08000186   0x00000000   Code   RO         3629    .ARM.Collect$$libshutdown$$0000000B  c_w.l(libshutdown2.o)
    0x08000186   0x00000000   Code   RO         3632    .ARM.Collect$$libshutdown$$0000000E  c_w.l(libshutdown2.o)
    0x08000186   0x00000002   Code   RO         3633    .ARM.Collect$$libshutdown$$0000000F  c_w.l(libshutdown2.o)
    0x08000188   0x00000000   Code   RO         3435    .ARM.Collect$$rtentry$$00000000  c_w.l(__rtentry.o)
    0x08000188   0x00000000   Code   RO         3459    .ARM.Collect$$rtentry$$00000002  c_w.l(__rtentry2.o)
    0x08000188   0x00000006   Code   RO         3471    .ARM.Collect$$rtentry$$00000004  c_w.l(__rtentry4.o)
    0x0800018e   0x00000000   Code   RO         3461    .ARM.Collect$$rtentry$$00000009  c_w.l(__rtentry2.o)
    0x0800018e   0x00000004   Code   RO         3462    .ARM.Collect$$rtentry$$0000000A  c_w.l(__rtentry2.o)
    0x08000192   0x00000000   Code   RO         3464    .ARM.Collect$$rtentry$$0000000C  c_w.l(__rtentry2.o)
    0x08000192   0x00000008   Code   RO         3465    .ARM.Collect$$rtentry$$0000000D  c_w.l(__rtentry2.o)
    0x0800019a   0x00000002   Code   RO         3580    .ARM.Collect$$rtexit$$00000000  c_w.l(rtexit.o)
    0x0800019c   0x00000000   Code   RO         3587    .ARM.Collect$$rtexit$$00000002  c_w.l(rtexit2.o)
    0x0800019c   0x00000004   Code   RO         3588    .ARM.Collect$$rtexit$$00000003  c_w.l(rtexit2.o)
    0x080001a0   0x00000006   Code   RO         3589    .ARM.Collect$$rtexit$$00000004  c_w.l(rtexit2.o)
    0x080001a6   0x00000002   PAD
    0x080001a8   0x00000040   Code   RO            4    .text               startup_stm32f103xb.o
    0x080001e8   0x00000028   Code   RO         3368    .text               c_w.l(noretval__2sprintf.o)
    0x08000210   0x0000004e   Code   RO         3372    .text               c_w.l(_printf_pad.o)
    0x0800025e   0x00000002   PAD
    0x08000260   0x00000078   Code   RO         3374    .text               c_w.l(_printf_dec.o)
    0x080002d8   0x00000138   Code   RO         3388    .text               c_w.l(__printf_flags_wp.o)
    0x08000410   0x00000058   Code   RO         3399    .text               c_w.l(memcmp.o)
    0x08000468   0x00000044   Code   RO         3401    .text               c_w.l(rt_memclr.o)
    0x080004ac   0x0000004e   Code   RO         3403    .text               c_w.l(rt_memclr_w.o)
    0x080004fa   0x00000006   Code   RO         3405    .text               c_w.l(heapauxi.o)
    0x08000500   0x000000b2   Code   RO         3436    .text               c_w.l(_printf_intcommon.o)
    0x080005b2   0x0000041a   Code   RO         3438    .text               c_w.l(_printf_fp_dec.o)
    0x080009cc   0x00000030   Code   RO         3440    .text               c_w.l(_printf_char_common.o)
    0x080009fc   0x0000000a   Code   RO         3442    .text               c_w.l(_sputc.o)
    0x08000a06   0x00000002   PAD
    0x08000a08   0x00000008   Code   RO         3476    .text               c_w.l(rt_locale_intlibspace.o)
    0x08000a10   0x0000008a   Code   RO         3478    .text               c_w.l(lludiv10.o)
    0x08000a9a   0x00000002   PAD
    0x08000a9c   0x00000080   Code   RO         3480    .text               c_w.l(_printf_fp_infnan.o)
    0x08000b1c   0x000000dc   Code   RO         3484    .text               c_w.l(bigflt0.o)
    0x08000bf8   0x00000008   Code   RO         3518    .text               c_w.l(libspace.o)
    0x08000c00   0x0000004a   Code   RO         3521    .text               c_w.l(sys_stackheap_outer.o)
    0x08000c4a   0x0000000c   Code   RO         3523    .text               c_w.l(exit.o)
    0x08000c56   0x00000002   PAD
    0x08000c58   0x00000080   Code   RO         3525    .text               c_w.l(strcmpv7m.o)
    0x08000cd8   0x0000000c   Code   RO         3599    .text               c_w.l(sys_exit.o)
    0x08000ce4   0x00000002   Code   RO         3610    .text               c_w.l(use_no_semi.o)
    0x08000ce6   0x00000000   Code   RO         3612    .text               c_w.l(indicate_semi.o)
    0x08000ce6   0x0000003e   Code   RO         3487    CL$$btod_d2e        c_w.l(btod.o)
    0x08000d24   0x00000046   Code   RO         3489    CL$$btod_d2e_denorm_low  c_w.l(btod.o)
    0x08000d6a   0x00000060   Code   RO         3488    CL$$btod_d2e_norm_op1  c_w.l(btod.o)
    0x08000dca   0x00000338   Code   RO         3497    CL$$btod_div_common  c_w.l(btod.o)
    0x08001102   0x000000c6   Code   RO         3494    CL$$btod_e2e        c_w.l(btod.o)
    0x080011c8   0x00000028   Code   RO         3491    CL$$btod_ediv       c_w.l(btod.o)
    0x080011f0   0x00000028   Code   RO         3490    CL$$btod_emul       c_w.l(btod.o)
    0x08001218   0x00000244   Code   RO         3496    CL$$btod_mult_common  c_w.l(btod.o)
    0x0800145c   0x00000056   Code   RO          556    i.ADC_ConversionStop_Disable  stm32f1xx_hal_adc.o
    0x080014b2   0x00000002   PAD
    0x080014b4   0x0000007c   Code   RO          560    i.ADC_Enable        stm32f1xx_hal_adc.o
    0x08001530   0x00000002   Code   RO          402    i.BusFault_Handler  stm32f1xx_it.o
    0x08001532   0x00000002   PAD
    0x08001534   0x00000058   Code   RO         3248    i.Check_DS          ds18b20.o
    0x0800158c   0x0000000c   Code   RO          403    i.DMA1_Channel5_IRQHandler  stm32f1xx_it.o
    0x08001598   0x0000002a   Code   RO         1212    i.DMA_SetConfig     stm32f1xx_hal_dma.o
    0x080015c2   0x0000000e   Code   RO         3249    i.DS_Init           ds18b20.o
    0x080015d0   0x00000054   Code   RO         3250    i.DS_Read_Byte      ds18b20.o
    0x08001624   0x00000034   Code   RO         3251    i.DS_Reset          ds18b20.o
    0x08001658   0x0000005c   Code   RO         3252    i.DS_Write_Byte     ds18b20.o
    0x080016b4   0x00000002   Code   RO          404    i.DebugMon_Handler  stm32f1xx_it.o
    0x080016b6   0x00000026   Code   RO          405    i.EXTI15_10_IRQHandler  stm32f1xx_it.o
    0x080016dc   0x00000004   Code   RO           13    i.Error_Handler     main.o
    0x080016e0   0x00000060   Code   RO         3253    i.Get_DS_Temperature  ds18b20.o
    0x08001740   0x000000fc   Code   RO          562    i.HAL_ADC_ConfigChannel  stm32f1xx_hal_adc.o
    0x0800183c   0x00000006   Code   RO          569    i.HAL_ADC_GetValue  stm32f1xx_hal_adc.o
    0x08001842   0x00000002   PAD
    0x08001844   0x0000011c   Code   RO          571    i.HAL_ADC_Init      stm32f1xx_hal_adc.o
    0x08001960   0x00000058   Code   RO          244    i.HAL_ADC_MspInit   adc.o
    0x080019b8   0x0000013c   Code   RO          575    i.HAL_ADC_PollForConversion  stm32f1xx_hal_adc.o
    0x08001af4   0x000000c0   Code   RO          577    i.HAL_ADC_Start     stm32f1xx_hal_adc.o
    0x08001bb4   0x00000046   Code   RO         1213    i.HAL_DMA_Abort     stm32f1xx_hal_dma.o
    0x08001bfa   0x00000002   PAD
    0x08001bfc   0x00000098   Code   RO         1214    i.HAL_DMA_Abort_IT  stm32f1xx_hal_dma.o
    0x08001c94   0x00000154   Code   RO         1218    i.HAL_DMA_IRQHandler  stm32f1xx_hal_dma.o
    0x08001de8   0x0000005c   Code   RO         1219    i.HAL_DMA_Init      stm32f1xx_hal_dma.o
    0x08001e44   0x00000070   Code   RO         1223    i.HAL_DMA_Start_IT  stm32f1xx_hal_dma.o
    0x08001eb4   0x00000024   Code   RO          839    i.HAL_Delay         stm32f1xx_hal.o
    0x08001ed8   0x00000030   Code   RO          185    i.HAL_GPIO_EXTI_Callback  gpio.o
    0x08001f08   0x00000018   Code   RO         1148    i.HAL_GPIO_EXTI_IRQHandler  stm32f1xx_hal_gpio.o
    0x08001f20   0x000001e0   Code   RO         1149    i.HAL_GPIO_Init     stm32f1xx_hal_gpio.o
    0x08002100   0x0000000a   Code   RO         1151    i.HAL_GPIO_ReadPin  stm32f1xx_hal_gpio.o
    0x0800210a   0x0000000a   Code   RO         1153    i.HAL_GPIO_WritePin  stm32f1xx_hal_gpio.o
    0x08002114   0x0000000c   Code   RO          843    i.HAL_GetTick       stm32f1xx_hal.o
    0x08002120   0x00000010   Code   RO          849    i.HAL_IncTick       stm32f1xx_hal.o
    0x08002130   0x00000024   Code   RO          850    i.HAL_Init          stm32f1xx_hal.o
    0x08002154   0x00000040   Code   RO          851    i.HAL_InitTick      stm32f1xx_hal.o
    0x08002194   0x0000003c   Code   RO          496    i.HAL_MspInit       stm32f1xx_hal_msp.o
    0x080021d0   0x0000001a   Code   RO         1309    i.HAL_NVIC_EnableIRQ  stm32f1xx_hal_cortex.o
    0x080021ea   0x00000002   PAD
    0x080021ec   0x00000040   Code   RO         1315    i.HAL_NVIC_SetPriority  stm32f1xx_hal_cortex.o
    0x0800222c   0x00000024   Code   RO         1316    i.HAL_NVIC_SetPriorityGrouping  stm32f1xx_hal_cortex.o
    0x08002250   0x000000a4   Code   RO         1110    i.HAL_RCCEx_GetPeriphCLKFreq  stm32f1xx_hal_rcc_ex.o
    0x080022f4   0x000000ec   Code   RO         1111    i.HAL_RCCEx_PeriphCLKConfig  stm32f1xx_hal_rcc_ex.o
    0x080023e0   0x0000012c   Code   RO         1007    i.HAL_RCC_ClockConfig  stm32f1xx_hal_rcc.o
    0x0800250c   0x00000020   Code   RO         1014    i.HAL_RCC_GetPCLK1Freq  stm32f1xx_hal_rcc.o
    0x0800252c   0x00000020   Code   RO         1015    i.HAL_RCC_GetPCLK2Freq  stm32f1xx_hal_rcc.o
    0x0800254c   0x0000004c   Code   RO         1016    i.HAL_RCC_GetSysClockFreq  stm32f1xx_hal_rcc.o
    0x08002598   0x00000320   Code   RO         1019    i.HAL_RCC_OscConfig  stm32f1xx_hal_rcc.o
    0x080028b8   0x00000028   Code   RO         1320    i.HAL_SYSTICK_Config  stm32f1xx_hal_cortex.o
    0x080028e0   0x00000068   Code   RO         2534    i.HAL_TIMEx_MasterConfigSynchronization  stm32f1xx_hal_tim_ex.o
    0x08002948   0x0000005a   Code   RO         1811    i.HAL_TIM_Base_Init  stm32f1xx_hal_tim.o
    0x080029a2   0x00000002   PAD
    0x080029a4   0x00000028   Code   RO          310    i.HAL_TIM_Base_MspInit  tim.o
    0x080029cc   0x000000dc   Code   RO         1820    i.HAL_TIM_ConfigClockSource  stm32f1xx_hal_tim.o
    0x08002aa8   0x0000004c   Code   RO          311    i.HAL_TIM_MspPostInit  tim.o
    0x08002af4   0x000000cc   Code   RO         1883    i.HAL_TIM_PWM_ConfigChannel  stm32f1xx_hal_tim.o
    0x08002bc0   0x0000005a   Code   RO         1886    i.HAL_TIM_PWM_Init  stm32f1xx_hal_tim.o
    0x08002c1a   0x00000002   Code   RO         1888    i.HAL_TIM_PWM_MspInit  stm32f1xx_hal_tim.o
    0x08002c1c   0x0000009c   Code   RO         1891    i.HAL_TIM_PWM_Start  stm32f1xx_hal_tim.o
    0x08002cb8   0x00000002   Code   RO         2794    i.HAL_UARTEx_RxEventCallback  stm32f1xx_hal_uart.o
    0x08002cba   0x00000070   Code   RO         2806    i.HAL_UART_DMAStop  stm32f1xx_hal_uart.o
    0x08002d2a   0x00000002   Code   RO         2808    i.HAL_UART_ErrorCallback  stm32f1xx_hal_uart.o
    0x08002d2c   0x0000026c   Code   RO         2811    i.HAL_UART_IRQHandler  stm32f1xx_hal_uart.o
    0x08002f98   0x00000064   Code   RO         2812    i.HAL_UART_Init     stm32f1xx_hal_uart.o
    0x08002ffc   0x000000b0   Code   RO          358    i.HAL_UART_MspInit  usart.o
    0x080030ac   0x0000001c   Code   RO         2816    i.HAL_UART_Receive_DMA  stm32f1xx_hal_uart.o
    0x080030c8   0x00000002   Code   RO         2818    i.HAL_UART_RxCpltCallback  stm32f1xx_hal_uart.o
    0x080030ca   0x00000002   Code   RO         2819    i.HAL_UART_RxHalfCpltCallback  stm32f1xx_hal_uart.o
    0x080030cc   0x000000a0   Code   RO         2820    i.HAL_UART_Transmit  stm32f1xx_hal_uart.o
    0x0800316c   0x00000002   Code   RO         2823    i.HAL_UART_TxCpltCallback  stm32f1xx_hal_uart.o
    0x0800316e   0x00000002   Code   RO          406    i.HardFault_Handler  stm32f1xx_it.o
    0x08003170   0x0000001e   Code   RO         3186    i.LCD_INIT          lcd_1602.o
    0x0800318e   0x00000002   PAD
    0x08003190   0x0000006c   Code   RO         3187    i.LCD_WRITE_CMD     lcd_1602.o
    0x080031fc   0x00000068   Code   RO         3188    i.LCD_WRITE_DATA    lcd_1602.o
    0x08003264   0x00000050   Code   RO          245    i.MX_ADC1_Init      adc.o
    0x080032b4   0x0000002c   Code   RO          285    i.MX_DMA_Init       dma.o
    0x080032e0   0x00000104   Code   RO          186    i.MX_GPIO_Init      gpio.o
    0x080033e4   0x0000009c   Code   RO          312    i.MX_TIM4_Init      tim.o
    0x08003480   0x00000038   Code   RO          359    i.MX_USART1_UART_Init  usart.o
    0x080034b8   0x00000002   Code   RO          407    i.MemManage_Handler  stm32f1xx_it.o
    0x080034ba   0x00000002   Code   RO          408    i.NMI_Handler       stm32f1xx_it.o
    0x080034bc   0x00000002   Code   RO          409    i.PendSV_Handler    stm32f1xx_it.o
    0x080034be   0x00000002   Code   RO          410    i.SVC_Handler       stm32f1xx_it.o
    0x080034c0   0x00000038   Code   RO         3254    i.Set_DS_Pin_In     ds18b20.o
    0x080034f8   0x00000038   Code   RO         3255    i.Set_DS_Pin_Out    ds18b20.o
    0x08003530   0x00000004   Code   RO          411    i.SysTick_Handler   stm32f1xx_it.o
    0x08003534   0x00000078   Code   RO           14    i.SystemClock_Config  main.o
    0x080035ac   0x00000002   Code   RO         3146    i.SystemInit        system_stm32f1xx.o
    0x080035ae   0x00000002   PAD
    0x080035b0   0x00000078   Code   RO         1904    i.TIM_Base_SetConfig  stm32f1xx_hal_tim.o
    0x08003628   0x0000001a   Code   RO         1905    i.TIM_CCxChannelCmd  stm32f1xx_hal_tim.o
    0x08003642   0x00000014   Code   RO         1915    i.TIM_ETR_SetConfig  stm32f1xx_hal_tim.o
    0x08003656   0x00000010   Code   RO         1916    i.TIM_ITRx_SetConfig  stm32f1xx_hal_tim.o
    0x08003666   0x00000002   PAD
    0x08003668   0x00000050   Code   RO         1917    i.TIM_OC1_SetConfig  stm32f1xx_hal_tim.o
    0x080036b8   0x00000058   Code   RO         1918    i.TIM_OC2_SetConfig  stm32f1xx_hal_tim.o
    0x08003710   0x00000058   Code   RO         1919    i.TIM_OC3_SetConfig  stm32f1xx_hal_tim.o
    0x08003768   0x00000044   Code   RO         1920    i.TIM_OC4_SetConfig  stm32f1xx_hal_tim.o
    0x080037ac   0x00000022   Code   RO         1922    i.TIM_TI1_ConfigInputStage  stm32f1xx_hal_tim.o
    0x080037ce   0x00000024   Code   RO         1924    i.TIM_TI2_ConfigInputStage  stm32f1xx_hal_tim.o
    0x080037f2   0x00000010   Code   RO         2825    i.UART_DMAAbortOnError  stm32f1xx_hal_uart.o
    0x08003802   0x0000004a   Code   RO         2826    i.UART_DMAError     stm32f1xx_hal_uart.o
    0x0800384c   0x00000086   Code   RO         2827    i.UART_DMAReceiveCplt  stm32f1xx_hal_uart.o
    0x080038d2   0x0000001e   Code   RO         2829    i.UART_DMARxHalfCplt  stm32f1xx_hal_uart.o
    0x080038f0   0x0000004e   Code   RO         2835    i.UART_EndRxTransfer  stm32f1xx_hal_uart.o
    0x0800393e   0x0000001c   Code   RO         2836    i.UART_EndTxTransfer  stm32f1xx_hal_uart.o
    0x0800395a   0x000000c2   Code   RO         2837    i.UART_Receive_IT   stm32f1xx_hal_uart.o
    0x08003a1c   0x000000b8   Code   RO         2838    i.UART_SetConfig    stm32f1xx_hal_uart.o
    0x08003ad4   0x00000090   Code   RO         2839    i.UART_Start_Receive_DMA  stm32f1xx_hal_uart.o
    0x08003b64   0x00000072   Code   RO         2841    i.UART_WaitOnFlagUntilTimeout  stm32f1xx_hal_uart.o
    0x08003bd6   0x00000002   PAD
    0x08003bd8   0x00000048   Code   RO          412    i.USART1_IRQHandler  stm32f1xx_it.o
    0x08003c20   0x00000002   Code   RO          413    i.UsageFault_Handler  stm32f1xx_it.o
    0x08003c22   0x00000028   Code   RO         3516    i.__ARM_fpclassify  m_ws.l(fpclassify.o)
    0x08003c4a   0x00000020   Code   RO         1322    i.__NVIC_SetPriority  stm32f1xx_hal_cortex.o
    0x08003c6a   0x0000000e   Code   RO         3386    i._is_digit         c_w.l(__printf_wp.o)
    0x08003c78   0x00000010   Code   RO          187    i.beep_control      gpio.o
    0x08003c88   0x0000004c   Code   RO         3256    i.delay_us          ds18b20.o
    0x08003cd4   0x00000014   Code   RO          188    i.firelay_control   gpio.o
    0x08003ce8   0x0000023c   Code   RO         3319    i.handle_esp8266    esp8266.o
    0x08003f24   0x0000006c   Code   RO         3189    i.lcd1602_show_string  lcd_1602.o
    0x08003f90   0x0000022c   Code   RO           15    i.main              main.o
    0x080041bc   0x00000080   Code   RO         3320    i.send_wifi         esp8266.o
    0x0800423c   0x000000f4   Code   RO         3321    i.start_esp8266     esp8266.o
    0x08004330   0x00000010   Code   RO          189    i.water_control     gpio.o
    0x08004340   0x0000002c   Code   RO         3510    locale$$code        c_w.l(lc_numeric_c.o)
    0x0800436c   0x00000062   Code   RO         3409    x$fpl$d2f           fz_ws.l(d2f.o)
    0x080043ce   0x00000002   PAD
    0x080043d0   0x00000010   Code   RO         3445    x$fpl$dcheck1       fz_ws.l(dcheck1.o)
    0x080043e0   0x0000002e   Code   RO         3412    x$fpl$dflt          fz_ws.l(dflt_clz.o)
    0x0800440e   0x00000026   Code   RO         3411    x$fpl$dfltu         fz_ws.l(dflt_clz.o)
    0x08004434   0x00000154   Code   RO         3417    x$fpl$dmul          fz_ws.l(dmul.o)
    0x08004588   0x0000009c   Code   RO         3447    x$fpl$dnaninf       fz_ws.l(dnaninf.o)
    0x08004624   0x0000000c   Code   RO         3449    x$fpl$dretinf       fz_ws.l(dretinf.o)
    0x08004630   0x00000056   Code   RO         3419    x$fpl$f2d           fz_ws.l(f2d.o)
    0x08004686   0x00000018   Code   RO         3451    x$fpl$fcmpinf       fz_ws.l(fcmpi.o)
    0x0800469e   0x00000002   PAD
    0x080046a0   0x00000030   Code   RO         3422    x$fpl$fflt          fz_ws.l(fflt_clz.o)
    0x080046d0   0x00000068   Code   RO         3427    x$fpl$fleqf         fz_ws.l(fleqf.o)
    0x08004738   0x0000008c   Code   RO         3453    x$fpl$fnaninf       fz_ws.l(fnaninf.o)
    0x080047c4   0x0000000a   Code   RO         3455    x$fpl$fretinf       fz_ws.l(fretinf.o)
    0x080047ce   0x00000062   Code   RO         3429    x$fpl$frleqf        fz_ws.l(frleqf.o)
    0x08004830   0x00000004   Code   RO         3431    x$fpl$printf1       fz_ws.l(printf1.o)
    0x08004834   0x00000064   Code   RO         3514    x$fpl$retnan        fz_ws.l(retnan.o)
    0x08004898   0x0000005c   Code   RO         3433    x$fpl$scalbn        fz_ws.l(scalbn.o)
    0x080048f4   0x00000030   Code   RO         3578    x$fpl$trapveneer    fz_ws.l(trapv.o)
    0x08004924   0x00000000   Code   RO         3457    x$fpl$usenofp       fz_ws.l(usenofp.o)
    0x08004924   0x00000012   Data   RO         1020    .constdata          stm32f1xx_hal_rcc.o
    0x08004936   0x00000012   Data   RO         1112    .constdata          stm32f1xx_hal_rcc_ex.o
    0x08004948   0x00000010   Data   RO         3147    .constdata          system_stm32f1xx.o
    0x08004958   0x00000008   Data   RO         3148    .constdata          system_stm32f1xx.o
    0x08004960   0x00000011   Data   RO         3389    .constdata          c_w.l(__printf_flags_wp.o)
    0x08004971   0x00000003   PAD
    0x08004974   0x00000094   Data   RO         3485    .constdata          c_w.l(bigflt0.o)
    0x08004a08   0x00000020   Data   RO         3658    Region$$Table       anon$$obj.o
    0x08004a28   0x0000001c   Data   RO         3509    locale$$data        c_w.l(lc_numeric_c.o)


    Execution Region RW_IRAM1 (Base: 0x20000000, Size: 0x00000b70, Max: 0x00005000, ABSOLUTE)

    Base Addr    Size         Type   Attr      Idx    E Section Name        Object

    0x20000000   0x0000000c   Data   RW           16    .data               main.o
    0x2000000c   0x00000001   Data   RW          190    .data               gpio.o
    0x2000000d   0x00000001   Data   RW          362    .data               usart.o
    0x2000000e   0x00000001   Data   RW          363    .data               usart.o
    0x2000000f   0x00000001   PAD
    0x20000010   0x0000000c   Data   RW          857    .data               stm32f1xx_hal.o
    0x2000001c   0x00000004   Data   RW         3149    .data               system_stm32f1xx.o
    0x20000020   0x00000001   Data   RW         3322    .data               esp8266.o
    0x20000021   0x00000003   PAD
    0x20000024   0x00000030   Zero   RW          246    .bss                adc.o
    0x20000054   0x00000048   Zero   RW          313    .bss                tim.o
    0x2000009c   0x000003e8   Zero   RW          360    .bss                usart.o
    0x20000484   0x0000008c   Zero   RW          361    .bss                usart.o
    0x20000510   0x00000060   Zero   RW         3519    .bss                c_w.l(libspace.o)
    0x20000570   0x00000200   Zero   RW            2    HEAP                startup_stm32f103xb.o
    0x20000770   0x00000400   Zero   RW            1    STACK               startup_stm32f103xb.o


==============================================================================

Image component sizes


      Code (inc. data)   RO Data    RW Data    ZI Data      Debug   Object Name

       168         22          0          0         48       1581   adc.o
        44          4          0          0          0        738   dma.o
       614         44          0          0          0       5084   ds18b20.o
       944        406          0          1          0       2386   esp8266.o
       360         38          0          1          0       3318   gpio.o
       350         18          0          0          0       2691   lcd_1602.o
       680         80          0         12          0     443217   main.o
        64         26        236          0       1536        800   startup_stm32f103xb.o
       164         28          0         12          0       5757   stm32f1xx_hal.o
      1260         54          0          0          0       5788   stm32f1xx_hal_adc.o
       198         14          0          0          0      28531   stm32f1xx_hal_cortex.o
       808         36          0          0          0       4454   stm32f1xx_hal_dma.o
       524         40          0          0          0       3662   stm32f1xx_hal_gpio.o
        60          8          0          0          0        854   stm32f1xx_hal_msp.o
      1240         84         18          0          0       4808   stm32f1xx_hal_rcc.o
       400         28         18          0          0       2277   stm32f1xx_hal_rcc_ex.o
      1338         44          0          0          0      11204   stm32f1xx_hal_tim.o
       104         12          0          0          0       1288   stm32f1xx_hal_tim_ex.o
      2026         24          0          0          0      13869   stm32f1xx_hal_uart.o
       142         22          0          0          0       5621   stm32f1xx_it.o
         2          0         24          4          0       1091   system_stm32f1xx.o
       272         32          0          0         72       2196   tim.o
       232         30          0          2       1140       1853   usart.o

    ----------------------------------------------------------------------
     12014       1094        328         36       2796     553068   Object Totals
         0          0         32          0          0          0   (incl. Generated)
        20          0          0          4          0          0   (incl. Padding)

    ----------------------------------------------------------------------

      Code (inc. data)   RO Data    RW Data    ZI Data      Debug   Library Member Name

         8          0          0          0          0         68   __main.o
       312          4         17          0          0         92   __printf_flags_wp.o
        14          0          0          0          0         68   __printf_wp.o
         0          0          0          0          0          0   __rtentry.o
        12          0          0          0          0          0   __rtentry2.o
         6          0          0          0          0          0   __rtentry4.o
        52          8          0          0          0          0   __scatter.o
        26          0          0          0          0          0   __scatter_copy.o
        28          0          0          0          0          0   __scatter_zi.o
        48          6          0          0          0         96   _printf_char_common.o
         6          0          0          0          0          0   _printf_d.o
       120         16          0          0          0         92   _printf_dec.o
         6          0          0          0          0          0   _printf_f.o
      1050          0          0          0          0        216   _printf_fp_dec.o
       128         16          0          0          0         84   _printf_fp_infnan.o
       178          0          0          0          0         88   _printf_intcommon.o
        78          0          0          0          0        108   _printf_pad.o
         0          0          0          0          0          0   _printf_percent.o
         4          0          0          0          0          0   _printf_percent_end.o
        10          0          0          0          0         68   _sputc.o
       220          4        148          0          0         96   bigflt0.o
      1910        128          0          0          0        672   btod.o
        12          0          0          0          0         72   exit.o
         6          0          0          0          0        152   heapauxi.o
         0          0          0          0          0          0   indicate_semi.o
        44         10         28          0          0         76   lc_numeric_c.o
         2          0          0          0          0          0   libinit.o
        18          0          0          0          0          0   libinit2.o
         2          0          0          0          0          0   libshutdown.o
         2          0          0          0          0          0   libshutdown2.o
         8          4          0          0         96         68   libspace.o
       138          0          0          0          0         80   lludiv10.o
        88          0          0          0          0         76   memcmp.o
        40          6          0          0          0         84   noretval__2sprintf.o
         8          4          0          0          0         68   rt_locale_intlibspace.o
        68          0          0          0          0         68   rt_memclr.o
        78          0          0          0          0         80   rt_memclr_w.o
         2          0          0          0          0          0   rtexit.o
        10          0          0          0          0          0   rtexit2.o
       128          0          0          0          0         68   strcmpv7m.o
        12          4          0          0          0         68   sys_exit.o
        74          0          0          0          0         80   sys_stackheap_outer.o
         2          0          0          0          0         68   use_no_semi.o
        98          4          0          0          0         92   d2f.o
        16          4          0          0          0         68   dcheck1.o
        84          0          0          0          0        136   dflt_clz.o
       340         12          0          0          0        104   dmul.o
       156          4          0          0          0         92   dnaninf.o
        12          0          0          0          0         68   dretinf.o
        86          4          0          0          0         84   f2d.o
        24          0          0          0          0         68   fcmpi.o
        48          0          0          0          0         68   fflt_clz.o
       104          4          0          0          0         84   fleqf.o
       140          4          0          0          0         84   fnaninf.o
        10          0          0          0          0         68   fretinf.o
        98          0          0          0          0         68   frleqf.o
         4          0          0          0          0         68   printf1.o
       100          0          0          0          0         68   retnan.o
        92          0          0          0          0         68   scalbn.o
        48          0          0          0          0         68   trapv.o
         0          0          0          0          0          0   usenofp.o
        40          0          0          0          0         68   fpclassify.o

    ----------------------------------------------------------------------
      6474        246        196          0         96       4280   Library Totals
        16          0          3          0          0          0   (incl. Padding)

    ----------------------------------------------------------------------

      Code (inc. data)   RO Data    RW Data    ZI Data      Debug   Library Name

      4958        210        193          0         96       2856   c_w.l
      1460         36          0          0          0       1356   fz_ws.l
        40          0          0          0          0         68   m_ws.l

    ----------------------------------------------------------------------
      6474        246        196          0         96       4280   Library Totals

    ----------------------------------------------------------------------

==============================================================================


      Code (inc. data)   RO Data    RW Data    ZI Data      Debug   

     18488       1340        524         36       2892     549024   Grand Totals
     18488       1340        524         36       2892     549024   ELF Image Totals
     18488       1340        524         36          0          0   ROM Totals

==============================================================================

    Total RO  Size (Code + RO Data)                19012 (  18.57kB)
    Total RW  Size (RW Data + ZI Data)              2928 (   2.86kB)
    Total ROM Size (Code + RO Data + RW Data)      19048 (  18.60kB)

==============================================================================

